20 CYAP4_1_PE3338 CYAP4_1_PE4317 1 1
20 CYAP4_1_PE4778 CYAP4_1_PE4295 1 1
20 CYAP4_1_PE4783 CYAP4_1_PE812 1 1
20 CYAP4_1_PE901 CYAP4_1_PE3510 1 1
3 NOSP7_2_PE2455 NOSP7_2_PE2977 1 1
3 NOSP7_2_PE3687 NOSP7_2_PE2977 1 1
