<?xml version="1.0" encoding="UTF-8"?>
<recPhylo xmlns:xsi="http://www.w3.org/2001/XMLSchema-instance" xsi:schemaLocation="http://www.recg.org ./recGeneTreeXML.xsd" xmlns="http://www.recg.org" >
  <recGeneTree>
    <phylogeny rooted="true">
      <id>0</id>
      <clade>
        <name>0</name>
        <eventsRec>
          <speciation speciesLocation="70" timeSlice="35"></speciation>
        </eventsRec>
        <clade>
          <name>1</name>
          <eventsRec>
            <speciationLoss speciesLocation="69" timeSlice="34"></speciationLoss>
            <speciationLoss speciesLocation="68" timeSlice="20"></speciationLoss>
            <leaf speciesLocation="67" geneName="GLVIO1_1_PE1896"></leaf>
          </eventsRec>
        </clade>
        <clade>
          <name>2</name>
          <eventsRec>
            <duplication speciesLocation="24" timeSlice="34"></duplication>
          </eventsRec>
          <clade>
            <name>41</name>
            <eventsRec>
              <speciation speciesLocation="24" timeSlice="33"></speciation>
            </eventsRec>
            <clade>
              <name>51</name>
              <eventsRec>
                <speciation speciesLocation="23" timeSlice="27"></speciation>
              </eventsRec>
              <clade>
                <name>ACAM1_1_PE991</name>
                <eventsRec>
                  <leaf speciesLocation="22" geneName="ACAM1_1_PE991"></leaf>
                </eventsRec>
              </clade>
              <clade>
                <name>53</name>
                <eventsRec>
                  <speciation speciesLocation="21" timeSlice="26"></speciation>
                </eventsRec>
                <clade>
                  <name>164</name>
                  <eventsRec>
                    <speciationOutLoss speciesLocation="19" timeSlice="20"></speciationOutLoss>
                    <transferBack destinationSpecies="67" timeSlice="8"></transferBack>
                    <leaf speciesLocation="67" geneName="GLVIO1_1_PE577"></leaf>
                  </eventsRec>
                </clade>
                <clade>
                  <name>CYAP4_1_PE4783</name>
                  <eventsRec>
                    <leaf speciesLocation="20" geneName="CYAP4_1_PE4783"></leaf>
                  </eventsRec>
                </clade>
              </clade>
            </clade>
            <clade>
              <name>43</name>
              <eventsRec>
                <speciation speciesLocation="18" timeSlice="32"></speciation>
              </eventsRec>
              <clade>
                <name>54</name>
                <eventsRec>
                  <speciationOut speciesLocation="17" timeSlice="31"></speciationOut>
                </eventsRec>
                <clade>
                  <name>213</name>
                  <eventsRec>
                    <duplication speciesLocation="17" timeSlice="30"></duplication>
                  </eventsRec>
                  <clade>
                    <name>214</name>
                    <eventsRec>
                      <speciation speciesLocation="17" timeSlice="30"></speciation>
                    </eventsRec>
                    <clade>
                      <name>SYNP2_5_PE772</name>
                      <eventsRec>
                        <leaf speciesLocation="16" geneName="SYNP2_5_PE772"></leaf>
                      </eventsRec>
                    </clade>
                    <clade>
                      <name>315</name>
                      <eventsRec>
                        <speciationLoss speciesLocation="15" timeSlice="29"></speciationLoss>
                        <leaf speciesLocation="14" geneName="SYNY3_4_PE2065"></leaf>
                      </eventsRec>
                    </clade>
                  </clade>
                  <clade>
                    <name>215</name>
                    <eventsRec>
                      <speciation speciesLocation="17" timeSlice="30"></speciation>
                    </eventsRec>
                    <clade>
                      <name>SYNP2_5_PE1763</name>
                      <eventsRec>
                        <leaf speciesLocation="16" geneName="SYNP2_5_PE1763"></leaf>
                      </eventsRec>
                    </clade>
                    <clade>
                      <name>317</name>
                      <eventsRec>
                        <speciation speciesLocation="15" timeSlice="29"></speciation>
                      </eventsRec>
                      <clade>
                        <name>SYNY3_4_PE1504</name>
                        <eventsRec>
                          <leaf speciesLocation="14" geneName="SYNY3_4_PE1504"></leaf>
                        </eventsRec>
                      </clade>
                      <clade>
                        <name>747</name>
                        <eventsRec>
                          <speciationLoss speciesLocation="13" timeSlice="25"></speciationLoss>
                          <speciation speciesLocation="9" timeSlice="15"></speciation>
                        </eventsRec>
                        <clade>
                          <name>CYAP8_1_PE683</name>
                          <eventsRec>
                            <leaf speciesLocation="8" geneName="CYAP8_1_PE683"></leaf>
                          </eventsRec>
                        </clade>
                        <clade>
                          <name>924</name>
                          <eventsRec>
                            <speciationOut speciesLocation="7" timeSlice="8"></speciationOut>
                          </eventsRec>
                          <clade>
                            <name>925</name>
                            <eventsRec>
                              <transferBack destinationSpecies="14" timeSlice="8"></transferBack>
                              <leaf speciesLocation="14" geneName="SYNY3_4_PE1585"></leaf>
                            </eventsRec>
                          </clade>
                          <clade>
                            <name>CYAA5_6_PE4657</name>
                            <eventsRec>
                              <leaf speciesLocation="7" geneName="CYAA5_6_PE4657"></leaf>
                            </eventsRec>
                          </clade>
                        </clade>
                      </clade>
                    </clade>
                  </clade>
                </clade>
                <clade>
                  <name>220</name>
                  <eventsRec>
                    <transferBack destinationSpecies="13" timeSlice="26"></transferBack>
                    <speciation speciesLocation="13" timeSlice="25"></speciation>
                  </eventsRec>
                  <clade>
                    <name>326</name>
                    <eventsRec>
                      <speciationLoss speciesLocation="9" timeSlice="15"></speciationLoss>
                      <leaf speciesLocation="8" geneName="CYAP8_1_PE2771"></leaf>
                    </eventsRec>
                  </clade>
                  <clade>
                    <name>224</name>
                    <eventsRec>
                      <speciation speciesLocation="12" timeSlice="24"></speciation>
                    </eventsRec>
                    <clade>
                      <name>MICAN_1_PE2355</name>
                      <eventsRec>
                        <leaf speciesLocation="11" geneName="MICAN_1_PE2355"></leaf>
                      </eventsRec>
                    </clade>
                    <clade>
                      <name>591</name>
                      <eventsRec>
                        <speciationOut speciesLocation="10" timeSlice="16"></speciationOut>
                      </eventsRec>
                      <clade>
                        <name>CYAP7_1_PE3564</name>
                        <eventsRec>
                          <leaf speciesLocation="10" geneName="CYAP7_1_PE3564"></leaf>
                        </eventsRec>
                      </clade>
                      <clade>
                        <name>782</name>
                        <eventsRec>
                          <transferBack destinationSpecies="66" timeSlice="10"></transferBack>
                          <speciation speciesLocation="66" timeSlice="3"></speciation>
                        </eventsRec>
                        <clade>
                          <name>SYNJB_1_PE1949</name>
                          <eventsRec>
                            <leaf speciesLocation="65" geneName="SYNJB_1_PE1949"></leaf>
                          </eventsRec>
                        </clade>
                        <clade>
                          <name>SYNJA_1_PE1816</name>
                          <eventsRec>
                            <leaf speciesLocation="64" geneName="SYNJA_1_PE1816"></leaf>
                          </eventsRec>
                        </clade>
                      </clade>
                    </clade>
                  </clade>
                </clade>
              </clade>
              <clade>
                <name>55</name>
                <eventsRec>
                  <speciationLoss speciesLocation="6" timeSlice="31"></speciationLoss>
                  <speciation speciesLocation="4" timeSlice="18"></speciation>
                </eventsRec>
                <clade>
                  <name>229</name>
                  <eventsRec>
                    <speciationOut speciesLocation="2" timeSlice="12"></speciationOut>
                  </eventsRec>
                  <clade>
                    <name>350</name>
                    <eventsRec>
                      <transferBack destinationSpecies="22" timeSlice="6"></transferBack>
                      <leaf speciesLocation="22" geneName="ACAM1_1_PE1604"></leaf>
                    </eventsRec>
                  </clade>
                  <clade>
                    <name>363</name>
                    <eventsRec>
                      <speciation speciesLocation="2" timeSlice="6"></speciation>
                    </eventsRec>
                    <clade>
                      <name>ANAVT_4_PE3907</name>
                      <eventsRec>
                        <leaf speciesLocation="1" geneName="ANAVT_4_PE3907"></leaf>
                      </eventsRec>
                    </clade>
                    <clade>
                      <name>ANASP_6_PE1442</name>
                      <eventsRec>
                        <leaf speciesLocation="0" geneName="ANASP_6_PE1442"></leaf>
                      </eventsRec>
                    </clade>
                  </clade>
                </clade>
                <clade>
                  <name>237</name>
                  <eventsRec>
                    <speciationOut speciesLocation="3" timeSlice="11"></speciationOut>
                  </eventsRec>
                  <clade>
                    <name>NOSP7_2_PE3687</name>
                    <eventsRec>
                      <leaf speciesLocation="3" geneName="NOSP7_2_PE3687"></leaf>
                    </eventsRec>
                  </clade>
                  <clade>
                    <name>381</name>
                    <eventsRec>
                      <transferBack destinationSpecies="22" timeSlice="6"></transferBack>
                      <leaf speciesLocation="22" geneName="ACAM1_1_PE3600"></leaf>
                    </eventsRec>
                  </clade>
                </clade>
              </clade>
            </clade>
          </clade>
          <clade>
            <name>44</name>
            <eventsRec>
              <speciation speciesLocation="24" timeSlice="33"></speciation>
            </eventsRec>
            <clade>
              <name>45</name>
              <eventsRec>
                <speciationOut speciesLocation="23" timeSlice="32"></speciationOut>
              </eventsRec>
              <clade>
                <name>135</name>
                <eventsRec>
                  <transferBack destinationSpecies="1" timeSlice="2"></transferBack>
                  <leaf speciesLocation="1" geneName="ANAVT_4_PE3692"></leaf>
                </eventsRec>
              </clade>
              <clade>
                <name>139</name>
                <eventsRec>
                  <speciationOut speciesLocation="23" timeSlice="31"></speciationOut>
                </eventsRec>
                <clade>
                  <name>140</name>
                  <eventsRec>
                    <transferBack destinationSpecies="17" timeSlice="31"></transferBack>
                    <speciation speciesLocation="17" timeSlice="30"></speciation>
                  </eventsRec>
                  <clade>
                    <name>SYNP2_5_PE88</name>
                    <eventsRec>
                      <leaf speciesLocation="16" geneName="SYNP2_5_PE88"></leaf>
                    </eventsRec>
                  </clade>
                  <clade>
                    <name>243</name>
                    <eventsRec>
                      <speciation speciesLocation="15" timeSlice="29"></speciation>
                    </eventsRec>
                    <clade>
                      <name>SYNY3_4_PE974</name>
                      <eventsRec>
                        <leaf speciesLocation="14" geneName="SYNY3_4_PE974"></leaf>
                      </eventsRec>
                    </clade>
                    <clade>
                      <name>634</name>
                      <eventsRec>
                        <speciationLoss speciesLocation="13" timeSlice="25"></speciationLoss>
                        <speciationLoss speciesLocation="9" timeSlice="15"></speciationLoss>
                        <leaf speciesLocation="8" geneName="CYAP8_1_PE2517"></leaf>
                      </eventsRec>
                    </clade>
                  </clade>
                </clade>
                <clade>
                  <name>247</name>
                  <eventsRec>
                    <speciation speciesLocation="23" timeSlice="27"></speciation>
                  </eventsRec>
                  <clade>
                    <name>425</name>
                    <eventsRec>
                      <speciationOutLoss speciesLocation="22" timeSlice="20"></speciationOutLoss>
                      <transferBack destinationSpecies="65" timeSlice="1"></transferBack>
                      <leaf speciesLocation="65" geneName="SYNJB_1_PE1727"></leaf>
                    </eventsRec>
                  </clade>
                  <clade>
                    <name>249</name>
                    <eventsRec>
                      <speciationLoss speciesLocation="21" timeSlice="26"></speciationLoss>
                      <speciationOut speciesLocation="20" timeSlice="22"></speciationOut>
                    </eventsRec>
                    <clade>
                      <name>CYAP4_1_PE4733</name>
                      <eventsRec>
                        <leaf speciesLocation="20" geneName="CYAP4_1_PE4733"></leaf>
                      </eventsRec>
                    </clade>
                    <clade>
                      <name>692</name>
                      <eventsRec>
                        <transferBack destinationSpecies="11" timeSlice="13"></transferBack>
                        <duplication speciesLocation="11" timeSlice="6"></duplication>
                      </eventsRec>
                      <clade>
                        <name>MICAN_1_PE1376</name>
                        <eventsRec>
                          <leaf speciesLocation="11" geneName="MICAN_1_PE1376"></leaf>
                        </eventsRec>
                      </clade>
                      <clade>
                        <name>MICAN_1_PE1350</name>
                        <eventsRec>
                          <leaf speciesLocation="11" geneName="MICAN_1_PE1350"></leaf>
                        </eventsRec>
                      </clade>
                    </clade>
                  </clade>
                </clade>
              </clade>
            </clade>
            <clade>
              <name>46</name>
              <eventsRec>
                <speciation speciesLocation="18" timeSlice="32"></speciation>
              </eventsRec>
              <clade>
                <name>58</name>
                <eventsRec>
                  <speciationOut speciesLocation="17" timeSlice="31"></speciationOut>
                </eventsRec>
                <clade>
                  <name>273</name>
                  <eventsRec>
                    <transferBack destinationSpecies="7" timeSlice="7"></transferBack>
                    <leaf speciesLocation="7" geneName="CYAA5_6_PE2572"></leaf>
                  </eventsRec>
                </clade>
                <clade>
                  <name>143</name>
                  <eventsRec>
                    <duplication speciesLocation="17" timeSlice="31"></duplication>
                  </eventsRec>
                  <clade>
                    <name>456</name>
                    <eventsRec>
                      <speciationOut speciesLocation="17" timeSlice="30"></speciationOut>
                    </eventsRec>
                    <clade>
                      <name>705</name>
                      <eventsRec>
                        <bifurcationOut timeSlice="27"></bifurcationOut>
                      </eventsRec>
                      <clade>
                        <name>820</name>
                        <eventsRec>
                          <transferBack destinationSpecies="2" timeSlice="11"></transferBack>
                          <speciation speciesLocation="2" timeSlice="6"></speciation>
                        </eventsRec>
                        <clade>
                          <name>ANASP_6_PE2901</name>
                          <eventsRec>
                            <leaf speciesLocation="0" geneName="ANASP_6_PE2901"></leaf>
                          </eventsRec>
                        </clade>
                        <clade>
                          <name>ANAVT_4_PE996</name>
                          <eventsRec>
                            <leaf speciesLocation="1" geneName="ANAVT_4_PE996"></leaf>
                          </eventsRec>
                        </clade>
                      </clade>
                      <clade>
                        <name>707</name>
                        <eventsRec>
                          <transferBack destinationSpecies="13" timeSlice="27"></transferBack>
                          <speciation speciesLocation="13" timeSlice="25"></speciation>
                        </eventsRec>
                        <clade>
                          <name>949</name>
                          <eventsRec>
                            <speciationLoss speciesLocation="9" timeSlice="15"></speciationLoss>
                            <leaf speciesLocation="8" geneName="CYAP8_1_PE2835"></leaf>
                          </eventsRec>
                        </clade>
                        <clade>
                          <name>833</name>
                          <eventsRec>
                            <speciationLoss speciesLocation="12" timeSlice="24"></speciationLoss>
                            <duplication speciesLocation="10" timeSlice="12"></duplication>
                          </eventsRec>
                          <clade>
                            <name>CYAP7_1_PE4196</name>
                            <eventsRec>
                              <leaf speciesLocation="10" geneName="CYAP7_1_PE4196"></leaf>
                            </eventsRec>
                          </clade>
                          <clade>
                            <name>CYAP7_1_PE4396</name>
                            <eventsRec>
                              <leaf speciesLocation="10" geneName="CYAP7_1_PE4396"></leaf>
                            </eventsRec>
                          </clade>
                        </clade>
                      </clade>
                    </clade>
                    <clade>
                      <name>458</name>
                      <eventsRec>
                        <speciation speciesLocation="17" timeSlice="30"></speciation>
                      </eventsRec>
                      <clade>
                        <name>SYNP2_5_PE1440</name>
                        <eventsRec>
                          <leaf speciesLocation="16" geneName="SYNP2_5_PE1440"></leaf>
                        </eventsRec>
                      </clade>
                      <clade>
                        <name>709</name>
                        <eventsRec>
                          <speciationOut speciesLocation="15" timeSlice="29"></speciationOut>
                        </eventsRec>
                        <clade>
                          <name>998</name>
                          <eventsRec>
                            <transferBack destinationSpecies="2" timeSlice="11"></transferBack>
                            <speciation speciesLocation="2" timeSlice="6"></speciation>
                          </eventsRec>
                          <clade>
                            <name>ANAVT_4_PE759</name>
                            <eventsRec>
                              <leaf speciesLocation="1" geneName="ANAVT_4_PE759"></leaf>
                            </eventsRec>
                          </clade>
                          <clade>
                            <name>ANASP_6_PE4138</name>
                            <eventsRec>
                              <leaf speciesLocation="0" geneName="ANASP_6_PE4138"></leaf>
                            </eventsRec>
                          </clade>
                        </clade>
                        <clade>
                          <name>864</name>
                          <eventsRec>
                            <speciation speciesLocation="15" timeSlice="29"></speciation>
                          </eventsRec>
                          <clade>
                            <name>SYNY3_4_PE1288</name>
                            <eventsRec>
                              <leaf speciesLocation="14" geneName="SYNY3_4_PE1288"></leaf>
                            </eventsRec>
                          </clade>
                          <clade>
                            <name>1199</name>
                            <eventsRec>
                              <speciation speciesLocation="13" timeSlice="25"></speciation>
                            </eventsRec>
                            <clade>
                              <name>1307</name>
                              <eventsRec>
                                <speciationLoss speciesLocation="9" timeSlice="15"></speciationLoss>
                                <leaf speciesLocation="8" geneName="CYAP8_1_PE3760"></leaf>
                              </eventsRec>
                            </clade>
                            <clade>
                              <name>1201</name>
                              <eventsRec>
                                <speciation speciesLocation="12" timeSlice="24"></speciation>
                              </eventsRec>
                              <clade>
                                <name>1358</name>
                                <eventsRec>
                                  <speciationOutLoss speciesLocation="10" timeSlice="18"></speciationOutLoss>
                                  <transferBack destinationSpecies="14" timeSlice="9"></transferBack>
                                  <leaf speciesLocation="14" geneName="SYNY3_4_PE2235"></leaf>
                                </eventsRec>
                              </clade>
                              <clade>
                                <name>MICAN_1_PE2044</name>
                                <eventsRec>
                                  <leaf speciesLocation="11" geneName="MICAN_1_PE2044"></leaf>
                                </eventsRec>
                              </clade>
                            </clade>
                          </clade>
                        </clade>
                      </clade>
                    </clade>
                  </clade>
                  <clade>
                    <name>459</name>
                    <eventsRec>
                      <speciation speciesLocation="17" timeSlice="30"></speciation>
                    </eventsRec>
                    <clade>
                      <name>712</name>
                      <eventsRec>
                        <speciationOut speciesLocation="16" timeSlice="26"></speciationOut>
                      </eventsRec>
                      <clade>
                        <name>869</name>
                        <eventsRec>
                          <duplication speciesLocation="16" timeSlice="21"></duplication>
                        </eventsRec>
                        <clade>
                          <name>1016</name>
                          <eventsRec>
                            <speciationOut speciesLocation="16" timeSlice="13"></speciationOut>
                          </eventsRec>
                          <clade>
                            <name>SYNP2_5_PE1098</name>
                            <eventsRec>
                              <leaf speciesLocation="16" geneName="SYNP2_5_PE1098"></leaf>
                            </eventsRec>
                          </clade>
                          <clade>
                            <name>1219</name>
                            <eventsRec>
                              <transferBack destinationSpecies="10" timeSlice="8"></transferBack>
                              <leaf speciesLocation="10" geneName="CYAP7_1_PE5054"></leaf>
                            </eventsRec>
                          </clade>
                        </clade>
                        <clade>
                          <name>1026</name>
                          <eventsRec>
                            <speciationOut speciesLocation="16" timeSlice="13"></speciationOut>
                          </eventsRec>
                          <clade>
                            <name>1234</name>
                            <eventsRec>
                              <transferBack destinationSpecies="3" timeSlice="7"></transferBack>
                              <leaf speciesLocation="3" geneName="NOSP7_2_PE2455"></leaf>
                            </eventsRec>
                          </clade>
                          <clade>
                            <name>SYNP2_5_PE637</name>
                            <eventsRec>
                              <leaf speciesLocation="16" geneName="SYNP2_5_PE637"></leaf>
                            </eventsRec>
                          </clade>
                        </clade>
                      </clade>
                      <clade>
                        <name>878</name>
                        <eventsRec>
                          <transferBack destinationSpecies="20" timeSlice="19"></transferBack>
                          <duplication speciesLocation="20" timeSlice="14"></duplication>
                        </eventsRec>
                        <clade>
                          <name>CYAP4_1_PE3338</name>
                          <eventsRec>
                            <leaf speciesLocation="20" geneName="CYAP4_1_PE3338"></leaf>
                          </eventsRec>
                        </clade>
                        <clade>
                          <name>1049</name>
                          <eventsRec>
                            <speciationOut speciesLocation="20" timeSlice="7"></speciationOut>
                          </eventsRec>
                          <clade>
                            <name>1050</name>
                            <eventsRec>
                              <transferBack destinationSpecies="8" timeSlice="7"></transferBack>
                              <leaf speciesLocation="8" geneName="CYAP8_1_PE1003"></leaf>
                            </eventsRec>
                          </clade>
                          <clade>
                            <name>CYAP4_1_PE901</name>
                            <eventsRec>
                              <leaf speciesLocation="20" geneName="CYAP4_1_PE901"></leaf>
                            </eventsRec>
                          </clade>
                        </clade>
                      </clade>
                    </clade>
                    <clade>
                      <name>461</name>
                      <eventsRec>
                        <speciation speciesLocation="15" timeSlice="29"></speciation>
                      </eventsRec>
                      <clade>
                        <name>897</name>
                        <eventsRec>
                          <speciationOut speciesLocation="14" timeSlice="17"></speciationOut>
                        </eventsRec>
                        <clade>
                          <name>SYNY3_4_PE1831</name>
                          <eventsRec>
                            <leaf speciesLocation="14" geneName="SYNY3_4_PE1831"></leaf>
                          </eventsRec>
                        </clade>
                        <clade>
                          <name>1078</name>
                          <eventsRec>
                            <transferBack destinationSpecies="8" timeSlice="7"></transferBack>
                            <leaf speciesLocation="8" geneName="CYAP8_1_PE575"></leaf>
                          </eventsRec>
                        </clade>
                      </clade>
                      <clade>
                        <name>902</name>
                        <eventsRec>
                          <speciation speciesLocation="13" timeSlice="25"></speciation>
                        </eventsRec>
                        <clade>
                          <name>903</name>
                          <eventsRec>
                            <speciationLoss speciesLocation="12" timeSlice="24"></speciationLoss>
                            <leaf speciesLocation="10" geneName="CYAP7_1_PE1031"></leaf>
                          </eventsRec>
                        </clade>
                        <clade>
                          <name>1115</name>
                          <eventsRec>
                            <speciationOut speciesLocation="9" timeSlice="20"></speciationOut>
                          </eventsRec>
                          <clade>
                            <name>1280</name>
                            <eventsRec>
                              <transferBack destinationSpecies="20" timeSlice="10"></transferBack>
                              <leaf speciesLocation="20" geneName="CYAP4_1_PE4778"></leaf>
                            </eventsRec>
                          </clade>
                          <clade>
                            <name>1296</name>
                            <eventsRec>
                              <speciation speciesLocation="9" timeSlice="15"></speciation>
                            </eventsRec>
                            <clade>
                              <name>CYAA5_6_PE3207</name>
                              <eventsRec>
                                <leaf speciesLocation="7" geneName="CYAA5_6_PE3207"></leaf>
                              </eventsRec>
                            </clade>
                            <clade>
                              <name>CYAP8_1_PE4204</name>
                              <eventsRec>
                                <leaf speciesLocation="8" geneName="CYAP8_1_PE4204"></leaf>
                              </eventsRec>
                            </clade>
                          </clade>
                        </clade>
                      </clade>
                    </clade>
                  </clade>
                </clade>
              </clade>
              <clade>
                <name>59</name>
                <eventsRec>
                  <speciationLoss speciesLocation="6" timeSlice="31"></speciationLoss>
                  <speciation speciesLocation="4" timeSlice="18"></speciation>
                </eventsRec>
                <clade>
                  <name>NOSP7_2_PE4609</name>
                  <eventsRec>
                    <leaf speciesLocation="3" geneName="NOSP7_2_PE4609"></leaf>
                  </eventsRec>
                </clade>
                <clade>
                  <name>311</name>
                  <eventsRec>
                    <speciation speciesLocation="2" timeSlice="6"></speciation>
                  </eventsRec>
                  <clade>
                    <name>ANAVT_4_PE919</name>
                    <eventsRec>
                      <leaf speciesLocation="1" geneName="ANAVT_4_PE919"></leaf>
                    </eventsRec>
                  </clade>
                  <clade>
                    <name>ANASP_6_PE2984</name>
                    <eventsRec>
                      <leaf speciesLocation="0" geneName="ANASP_6_PE2984"></leaf>
                    </eventsRec>
                  </clade>
                </clade>
              </clade>
            </clade>
          </clade>
        </clade>
      </clade>
    </phylogeny>
  </recGeneTree>
  <recGeneTree>
    <phylogeny rooted="true">
      <id>1</id>
      <clade>
        <name>0</name>
        <eventsRec>
          <speciationOut speciesLocation="20" timeSlice="19"></speciationOut>
        </eventsRec>
        <clade>
          <name>12</name>
          <eventsRec>
            <transferBack destinationSpecies="3" timeSlice="9"></transferBack>
            <leaf speciesLocation="3" geneName="NOSP7_2_PE2977"></leaf>
          </eventsRec>
        </clade>
        <clade>
          <name>2</name>
          <eventsRec>
            <duplication speciesLocation="20" timeSlice="19"></duplication>
          </eventsRec>
          <clade>
            <name>CYAP4_1_PE3510</name>
            <eventsRec>
              <leaf speciesLocation="20" geneName="CYAP4_1_PE3510"></leaf>
            </eventsRec>
          </clade>
          <clade>
            <name>46</name>
            <eventsRec>
              <duplication speciesLocation="20" timeSlice="16"></duplication>
            </eventsRec>
            <clade>
              <name>56</name>
              <eventsRec>
                <duplication speciesLocation="20" timeSlice="8"></duplication>
              </eventsRec>
              <clade>
                <name>CYAP4_1_PE812</name>
                <eventsRec>
                  <leaf speciesLocation="20" geneName="CYAP4_1_PE812"></leaf>
                </eventsRec>
              </clade>
              <clade>
                <name>CYAP4_1_PE262</name>
                <eventsRec>
                  <leaf speciesLocation="20" geneName="CYAP4_1_PE262"></leaf>
                </eventsRec>
              </clade>
            </clade>
            <clade>
              <name>61</name>
              <eventsRec>
                <duplication speciesLocation="20" timeSlice="13"></duplication>
              </eventsRec>
              <clade>
                <name>85</name>
                <eventsRec>
                  <duplication speciesLocation="20" timeSlice="7"></duplication>
                </eventsRec>
                <clade>
                  <name>CYAP4_1_PE1069</name>
                  <eventsRec>
                    <leaf speciesLocation="20" geneName="CYAP4_1_PE1069"></leaf>
                  </eventsRec>
                </clade>
                <clade>
                  <name>CYAP4_1_PE1349</name>
                  <eventsRec>
                    <leaf speciesLocation="20" geneName="CYAP4_1_PE1349"></leaf>
                  </eventsRec>
                </clade>
              </clade>
              <clade>
                <name>90</name>
                <eventsRec>
                  <duplication speciesLocation="20" timeSlice="10"></duplication>
                </eventsRec>
                <clade>
                  <name>111</name>
                  <eventsRec>
                    <duplication speciesLocation="20" timeSlice="5"></duplication>
                  </eventsRec>
                  <clade>
                    <name>CYAP4_1_PE4295</name>
                    <eventsRec>
                      <leaf speciesLocation="20" geneName="CYAP4_1_PE4295"></leaf>
                    </eventsRec>
                  </clade>
                  <clade>
                    <name>CYAP4_2_PE24</name>
                    <eventsRec>
                      <leaf speciesLocation="20" geneName="CYAP4_2_PE24"></leaf>
                    </eventsRec>
                  </clade>
                </clade>
                <clade>
                  <name>118</name>
                  <eventsRec>
                    <duplication speciesLocation="20" timeSlice="5"></duplication>
                  </eventsRec>
                  <clade>
                    <name>CYAP4_3_PE124</name>
                    <eventsRec>
                      <leaf speciesLocation="20" geneName="CYAP4_3_PE124"></leaf>
                    </eventsRec>
                  </clade>
                  <clade>
                    <name>CYAP4_1_PE4317</name>
                    <eventsRec>
                      <leaf speciesLocation="20" geneName="CYAP4_1_PE4317"></leaf>
                    </eventsRec>
                  </clade>
                </clade>
              </clade>
            </clade>
          </clade>
        </clade>
      </clade>
    </phylogeny>
  </recGeneTree>
</recPhylo>
