2 ANASP ANAVT
4 ANASP ANAVT NOSP7
6 ANASP ANAVT NOSP7 TRIEI
9 CYAA5 CYAP8
12 CYAP7 MICAN
13 CYAA5 CYAP8 CYAP7 MICAN
15 CYAA5 CYAP8 CYAP7 MICAN SYNY3
17 CYAA5 CYAP8 CYAP7 MICAN SYNY3 SYNP2
18 ANASP ANAVT NOSP7 TRIEI CYAA5 CYAP8 CYAP7 MICAN SYNY3 SYNP2
21 THEEB CYAP4
23 THEEB CYAP4 ACAM1
24 ANASP ANAVT NOSP7 TRIEI CYAA5 CYAP8 CYAP7 MICAN SYNY3 SYNP2 THEEB CYAP4 ACAM1
28 PROMM PROM3
31 PRMAR1 PROM4
34 PROM1 PROMT
39 PROM0 PROMS
40 PROM2 PROM0 PROMS
41 PROM9 PROM2 PROM0 PROMS
44 PROM5 PROMP
45 PROM9 PROM2 PROM0 PROMS PROM5 PROMP
46 PROM1 PROMT PROM9 PROM2 PROM0 PROMS PROM5 PROMP
47 PRMAR1 PROM4 PROM1 PROMT PROM9 PROM2 PROM0 PROMS PROM5 PROMP
48 PROMM PROM3 PRMAR1 PROM4 PROM1 PROMT PROM9 PROM2 PROM0 PROMS PROM5 PROMP
51 SYNPW SYNS3
55 SYNS9 SYNSC
56 SYNPX SYNS9 SYNSC
57 SYNPW SYNS3 SYNPX SYNS9 SYNSC
58 PROMM PROM3 PRMAR1 PROM4 PROM1 PROMT PROM9 PROM2 PROM0 PROMS PROM5 PROMP SYNPW SYNS3 SYNPX SYNS9 SYNSC
59 SYNR3 PROMM PROM3 PRMAR1 PROM4 PROM1 PROMT PROM9 PROM2 PROM0 PROMS PROM5 PROMP SYNPW SYNS3 SYNPX SYNS9 SYNSC
62 SYNE7 SYNP6
63 SYNR3 PROMM PROM3 PRMAR1 PROM4 PROM1 PROMT PROM9 PROM2 PROM0 PROMS PROM5 PROMP SYNPW SYNS3 SYNPX SYNS9 SYNSC SYNE7 SYNP6
66 SYNJA SYNJB
68 SYNJA SYNJB GLVIO1
69 SYNR3 PROMM PROM3 PRMAR1 PROM4 PROM1 PROMT PROM9 PROM2 PROM0 PROMS PROM5 PROMP SYNPW SYNS3 SYNPX SYNS9 SYNSC SYNE7 SYNP6 SYNJA SYNJB GLVIO1
70 ANASP ANAVT NOSP7 TRIEI CYAA5 CYAP8 CYAP7 MICAN SYNY3 SYNP2 THEEB CYAP4 ACAM1 SYNR3 PROMM PROM3 PRMAR1 PROM4 PROM1 PROMT PROM9 PROM2 PROM0 PROMS PROM5 PROMP SYNPW SYNS3 SYNPX SYNS9 SYNSC SYNE7 SYNP6 SYNJA SYNJB GLVIO1
72 ANASP ANAVT NOSP7 TRIEI CYAA5 CYAP8 CYAP7 MICAN SYNY3 SYNP2 THEEB CYAP4 ACAM1 SYNR3 PROMM PROM3 PRMAR1 PROM4 PROM1 PROMT PROM9 PROM2 PROM0 PROMS PROM5 PROMP SYNPW SYNS3 SYNPX SYNS9 SYNSC SYNE7 SYNP6 SYNJA SYNJB GLVIO1 OUTGROUP
0 ANASP
1 ANAVT
3 NOSP7
5 TRIEI
7 CYAA5
8 CYAP8
10 CYAP7
11 MICAN
14 SYNY3
16 SYNP2
19 THEEB
20 CYAP4
22 ACAM1
25 SYNR3
26 PROMM
27 PROM3
29 PRMAR1
30 PROM4
32 PROM1
33 PROMT
35 PROM9
36 PROM2
37 PROM0
38 PROMS
42 PROM5
43 PROMP
49 SYNPW
50 SYNS3
52 SYNPX
53 SYNS9
54 SYNSC
60 SYNE7
61 SYNP6
64 SYNJA
65 SYNJB
67 GLVIO1
71 OUTGROUP
