17 Anopheles_minimus|AMIN009514 Anopheles_minimus|AMIN009807 1 1
17 Anopheles_minimus|AMIN008951 Anopheles_minimus|AMIN008387 1 1
17 Anopheles_minimus|AMIN000401 Anopheles_minimus|AMIN000901 1 1
17 Anopheles_minimus|AMIN011475 Anopheles_minimus|AMIN011634 1 1
17 Anopheles_minimus|AMIN011339 Anopheles_minimus|AMIN011475 1 1
17 Anopheles_minimus|AMIN010487 Anopheles_minimus|AMIN010806 1 1
17 Anopheles_minimus|AMIN009319 Anopheles_minimus|AMIN009275 1 1
17 Anopheles_minimus|AMIN009214 Anopheles_minimus|AMIN009275 1 1
21 23|13 40|13 0 1
15 23|15 40|15 0 1
20 23|16 40|16 0 1
18 23|22 40|22 0 1
17 Anopheles_minimus|AMIN003479 Anopheles_minimus|AMIN003575 1 1
13 Anopheles_stephensi|ASTE006837 Anopheles_stephensi|ASTE006938 1 1
17 Anopheles_minimus|AMIN003318 Anopheles_minimus|AMIN003221 1 1
17 Anopheles_minimus|AMIN002588 Anopheles_minimus|AMIN003221 1 1
17 Anopheles_minimus|AMIN002312 Anopheles_minimus|AMIN002588 1 1
6 Anopheles_merus|AMEM014539 Anopheles_merus|AMEM016966 1 1
6 Anopheles_merus|AMEM017935 Anopheles_merus|AMEM000052 1 1
28 Anopheles_sinensis|ASIS022448 Anopheles_sinensis|ASIS023103 1 1
0 Anopheles_gambiae|AGAP010023 Anopheles_gambiae|AGAP010024 1 1
28 Anopheles_sinensis|ASIS010663 Anopheles_sinensis|ASIS001642 1 1
0 Anopheles_gambiae|AGAP010021 Anopheles_gambiae|AGAP009780 1 1
0 Anopheles_gambiae|AGAP009568 Anopheles_gambiae|AGAP009750 1 1
0 Anopheles_gambiae|AGAP009554 Anopheles_gambiae|AGAP008770 1 1
0 Anopheles_gambiae|AGAP011823 Anopheles_gambiae|AGAP011441 1 1
0 Anopheles_gambiae|AGAP011192 Anopheles_gambiae|AGAP010884 1 1
0 Anopheles_gambiae|AGAP010750 Anopheles_gambiae|AGAP010435 1 1
0 Anopheles_gambiae|AGAP004440 Anopheles_gambiae|AGAP004144 1 1
0 Anopheles_gambiae|AGAP003967 Anopheles_gambiae|AGAP003656 1 1
3 30|41 43|33 0 1
0 Anopheles_gambiae|AGAP003643 Anopheles_gambiae|AGAP003489 1 1
2 Anopheles_quadriannulatus|AQUA001574 Anopheles_quadriannulatus|AQUA001719 1 1
0 Anopheles_gambiae|AGAP003226 Anopheles_gambiae|AGAP002739 1 1
0 Anopheles_gambiae|AGAP002015 Anopheles_gambiae|AGAP002651 1 1
0 Anopheles_gambiae|AGAP001672 Anopheles_gambiae|AGAP002009 1 1
0 Anopheles_gambiae|AGAP007563 Anopheles_gambiae|AGAP007675 1 1
0 Anopheles_gambiae|AGAP006220 Anopheles_gambiae|AGAP005533 1 1
17 Anopheles_minimus|AMIN011339 Anopheles_minimus|AMIN010855 1 1
0 Anopheles_gambiae|AGAP005471 Anopheles_gambiae|AGAP004993 1 1
0 Anopheles_gambiae|AGAP004977 Anopheles_gambiae|AGAP004850 1 1
20 5|16 9|26 0 1
18 5|22 9|34 0 1
19 Anopheles_funestus|AFUN001717 Anopheles_funestus|AFUN001600 1 1
17 Anopheles_minimus|AMIN003326 Anopheles_minimus|AMIN003443 1 1
11 Anopheles_epiroticus|AEPI001582 Anopheles_epiroticus|AEPI001645 1 1
17 Anopheles_minimus|AMIN003651 Anopheles_minimus|AMIN004012 1 1
20 4|19 32|17 0 1
18 4|24 32|22 0 1
23 Anopheles_dirus|ADIR000531 Anopheles_dirus|ADIR000232 1 1
19 Anopheles_funestus|AFUN004931 Anopheles_funestus|AFUN004902 1 1
17 Anopheles_minimus|AMIN008951 Anopheles_minimus|AMIN008988 1 1
23 Anopheles_dirus|ADIR000099 Anopheles_dirus|ADIR000232 1 1
23 Anopheles_dirus|ADIR010980 Anopheles_dirus|ADIR011435 1 1
0 Anopheles_gambiae|AGAP007960 Anopheles_gambiae|AGAP028049 1 1
23 Anopheles_dirus|ADIR010197 Anopheles_dirus|ADIR010431 1 1
23 Anopheles_dirus|ADIR010067 Anopheles_dirus|ADIR010197 1 1
23 Anopheles_dirus|ADIR009953 Anopheles_dirus|ADIR009919 1 1
23 Anopheles_dirus|ADIR008884 Anopheles_dirus|ADIR008911 1 1
23 Anopheles_dirus|ADIR009374 Anopheles_dirus|ADIR009378 1 1
0 Anopheles_gambiae|AGAP010023 Anopheles_gambiae|AGAP010021 1 1
17 Anopheles_minimus|AMIN006707 Anopheles_minimus|AMIN006708 1 1
23 Anopheles_dirus|ADIR003254 Anopheles_dirus|ADIR003458 1 1
23 Anopheles_dirus|ADIR002821 Anopheles_dirus|ADIR002981 1 1
25 41|9 43|9 0 1
23 Anopheles_dirus|ADIR008359 Anopheles_dirus|ADIR008340 1 1
24 Anopheles_farauti|AFAF010984 Anopheles_farauti|AFAF001218 1 1
32 Anopheles_darlingi|ADAC001907 Anopheles_darlingi|ADAC001911 1 1
28 Anopheles_sinensis|ASIS008989 Anopheles_sinensis|ASIS008006 1 1
32 Anopheles_darlingi|ADAC001899 Anopheles_darlingi|ADAC001907 1 1
34 1|0 49|0 0 1
33 1|1 49|1 0 1
21 1|11 49|16 0 1
12 1|12 49|15 0 1
15 1|15 49|21 0 1
20 1|16 49|22 0 1
30 1|2 49|2 0 1
18 1|21 49|30 0 1
26 1|5 49|6 0 1
29 1|6 49|5 0 1
22 1|7 49|12 0 1
25 1|8 49|11 0 1
16 Anopheles_culicifacies|ACUA016462 Anopheles_culicifacies|ACUA000568 1 1
32 Anopheles_darlingi|ADAC009952 Anopheles_darlingi|ADAC009951 1 1
23 Anopheles_dirus|ADIR005972 Anopheles_dirus|ADIR005974 1 1
19 Anopheles_funestus|AFUN008246 Anopheles_funestus|AFUN008240 1 1
27 Anopheles_atroparvus|AATE017875 Anopheles_atroparvus|AATE007975 1 1
0 Anopheles_gambiae|AGAP011396 Anopheles_gambiae|AGAP011192 1 1
27 Anopheles_atroparvus|AATE001076 Anopheles_atroparvus|AATE002891 1 1
27 Anopheles_atroparvus|AATE008842 Anopheles_atroparvus|AATE002891 1 1
27 Anopheles_atroparvus|AATE005026 Anopheles_atroparvus|AATE007323 1 1
27 Anopheles_atroparvus|AATE013510 Anopheles_atroparvus|AATE005568 1 1
0 Anopheles_gambiae|AGAP012372 Anopheles_gambiae|AGAP011823 1 1
27 Anopheles_atroparvus|AATE013510 Anopheles_atroparvus|AATE016383 1 1
27 Anopheles_atroparvus|AATE009736 Anopheles_atroparvus|AATE016383 1 1
27 Anopheles_atroparvus|AATE016666 Anopheles_atroparvus|AATE014202 1 1
17 Anopheles_minimus|AMIN004012 Anopheles_minimus|AMIN004213 1 1
27 Anopheles_atroparvus|AATE000680 Anopheles_atroparvus|AATE006152 1 1
27 Anopheles_atroparvus|AATE017142 Anopheles_atroparvus|AATE006152 1 1
17 Anopheles_minimus|AMIN000368 Anopheles_minimus|AMIN000311 1 1
27 Anopheles_atroparvus|AATE001606 Anopheles_atroparvus|AATE020153 1 1
27 Anopheles_atroparvus|AATE008123 Anopheles_atroparvus|AATE004336 1 1
8 48|44 48|48 0 1
7 48|46 48|54 0 1
5 48|52 48|58 0 1
3 48|56 48|62 0 1
27 Anopheles_atroparvus|AATE003611 Anopheles_atroparvus|AATE004336 1 1
0 Anopheles_gambiae|AGAP008468 Anopheles_gambiae|AGAP028049 1 1
6 Anopheles_merus|AMEM009967 Anopheles_merus|AMEM004120 1 1
2 Anopheles_quadriannulatus|AQUA003506 Anopheles_quadriannulatus|AQUA003505 1 1
27 Anopheles_atroparvus|AATE011810 Anopheles_atroparvus|AATE018607 1 1
22 0|13 32|10 0 1
12 0|16 32|13 0 1
10 0|18 32|16 0 1
8 0|20 32|26 0 1
7 0|22 32|36 0 1
5 0|26 32|40 0 1
3 0|31 32|42 0 1
1 Anopheles_arabiensis|AARA002899 Anopheles_arabiensis|AARA002861 1 1
0 Anopheles_gambiae|AGAP011396 Anopheles_gambiae|AGAP011441 1 1
13 Anopheles_stephensi|ASTE009265 Anopheles_stephensi|ASTE009306 1 1
34 33|1 33|5 0 1
26 33|10 33|19 0 1
26 33|10 33|26 0 1
7 33|102 33|98 0 1
5 33|106 33|100 0 1
30 33|11 33|14 0 1
3 33|111 33|103 0 1
33 33|12 33|13 0 1
22 33|17 33|28 0 1
22 33|17 33|35 0 1
25 33|18 33|36 0 1
26 33|19 33|26 0 1
33 33|3 33|12 0 1
12 33|31 33|30 0 1
12 33|31 33|51 0 1
21 33|32 33|29 0 1
22 33|35 33|28 0 1
30 33|4 33|11 0 1
30 33|4 33|14 0 1
10 33|48 33|46 0 1
10 33|48 33|73 0 1
34 33|5 33|6 0 1
20 33|50 33|40 0 1
12 33|51 33|30 0 1
21 33|52 33|29 0 1
8 33|66 33|62 0 1
8 33|66 33|84 0 1
18 33|70 33|42 0 1
10 33|74 33|46 0 1
20 33|75 33|40 0 1
7 33|77 33|98 0 1
8 33|86 33|62 0 1
18 33|88 33|42 0 1
29 33|9 33|38 0 1
1 Anopheles_arabiensis|AARA004018 Anopheles_arabiensis|AARA004019 1 1
27 Anopheles_atroparvus|AATE009822 Anopheles_atroparvus|AATE012019 1 1
27 Anopheles_atroparvus|AATE012019 Anopheles_atroparvus|AATE019085 1 1
16 Anopheles_culicifacies|ACUA005482 Anopheles_culicifacies|ACUA002483 1 1
32 Anopheles_darlingi|ADAC005286 Anopheles_darlingi|ADAC005287 1 1
32 Anopheles_darlingi|ADAC005287 Anopheles_darlingi|ADAC005285 1 1
11 Anopheles_epiroticus|AEPI009052 Anopheles_epiroticus|AEPI009053 1 1
24 Anopheles_farauti|AFAF007958 Anopheles_farauti|AFAF018307 1 1
24 Anopheles_farauti|AFAF019492 Anopheles_farauti|AFAF007958 1 1
0 Anopheles_gambiae|AGAP009750 Anopheles_gambiae|AGAP009754 1 1
0 Anopheles_gambiae|AGAP009757 Anopheles_gambiae|AGAP009754 1 1
6 Anopheles_merus|AMEM005322 Anopheles_merus|AMEM001016 1 1
6 Anopheles_merus|AMEM011377 Anopheles_merus|AMEM001016 1 1
17 Anopheles_minimus|AMIN009491 Anopheles_minimus|AMIN009495 1 1
2 Anopheles_quadriannulatus|AQUA011341 Anopheles_quadriannulatus|AQUA011340 1 1
1 Anopheles_arabiensis|AARA003752 Anopheles_arabiensis|AARA003995 1 1
22 15|10 23|10 0 1
21 15|15 23|13 0 1
12 15|16 23|14 0 1
20 15|17 23|16 0 1
15 15|18 23|15 0 1
30 15|2 23|2 0 1
10 15|20 23|18 0 1
18 15|22 23|22 0 1
8 15|26 23|28 0 1
7 15|32 23|30 0 1
7 15|32 23|34 0 1
5 15|33 23|32 0 1
5 15|33 23|38 0 1
3 15|36 23|35 0 1
3 15|36 23|40 0 1
29 15|5 23|5 0 1
26 15|6 23|6 0 1
25 15|9 23|9 0 1
1 Anopheles_arabiensis|AARA002105 Anopheles_arabiensis|AARA002114 1 1
27 Anopheles_atroparvus|AATE003846 Anopheles_atroparvus|AATE002893 1 1
23 Anopheles_dirus|ADIR010438 Anopheles_dirus|ADIR010431 1 1
0 Anopheles_gambiae|AGAP001660 Anopheles_gambiae|AGAP001672 1 1
6 Anopheles_merus|AMEM017935 Anopheles_merus|AMEM006928 1 1
17 Anopheles_minimus|AMIN003471 Anopheles_minimus|AMIN003479 1 1
2 Anopheles_quadriannulatus|AQUA000526 Anopheles_quadriannulatus|AQUA000534 1 1
13 Anopheles_stephensi|ASTE006827 Anopheles_stephensi|ASTE006837 1 1
1 Anopheles_arabiensis|AARA002078 Anopheles_arabiensis|AARA001754 1 1
0 Anopheles_gambiae|AGAP001633 Anopheles_gambiae|AGAP001287 1 1
5 45|122 46|40 0 1
3 45|128 46|42 0 1
1 Anopheles_arabiensis|AARA010825 Anopheles_arabiensis|AARA011093 1 1
0 Anopheles_gambiae|AGAP008769 Anopheles_gambiae|AGAP008482 1 1
26 26|10 38|6 0 1
7 26|100 38|34 0 1
5 26|114 38|40 0 1
3 26|116 38|42 0 1
25 26|17 38|9 0 1
22 26|18 38|10 0 1
21 26|25 38|15 0 1
30 26|4 38|2 0 1
12 26|42 38|16 0 1
15 26|43 38|18 0 1
20 26|44 38|17 0 1
10 26|72 38|20 0 1
8 26|74 38|31 0 1
8 26|74 38|32 0 1
7 26|75 38|34 0 1
7 26|75 38|36 0 1
18 26|79 38|22 0 1
29 26|9 38|5 0 1
1 Anopheles_arabiensis|AARA003576 Anopheles_arabiensis|AARA003587 1 1
27 Anopheles_atroparvus|AATE014483 Anopheles_atroparvus|AATE018102 1 1
23 Anopheles_dirus|ADIR001629 Anopheles_dirus|ADIR001616 1 1
24 Anopheles_farauti|AFAF006973 Anopheles_farauti|AFAF015120 1 1
19 Anopheles_funestus|AFUN004660 Anopheles_funestus|AFUN004671 1 1
0 Anopheles_gambiae|AGAP004981 Anopheles_gambiae|AGAP004993 1 1
6 Anopheles_merus|AMEM009935 Anopheles_merus|AMEM001775 1 1
2 Anopheles_quadriannulatus|AQUA010017 Anopheles_quadriannulatus|AQUA010006 1 1
13 Anopheles_stephensi|ASTE008543 Anopheles_stephensi|ASTE008552 1 1
30 26|14 26|20 0 1
30 26|14 26|4 0 1
30 26|19 26|4 0 1
29 26|21 26|36 0 1
29 26|21 26|9 0 1
26 26|22 26|10 0 1
26 26|22 26|35 0 1
26 26|28 26|10 0 1
22 26|30 26|18 0 1
12 26|33 26|26 0 1
22 26|40 26|18 0 1
22 26|40 26|62 0 1
21 26|41 26|25 0 1
12 26|42 26|88 0 1
10 26|48 26|46 0 1
8 26|50 26|82 0 1
7 26|52 26|100 0 1
5 26|54 26|114 0 1
3 26|56 26|116 0 1
20 26|66 26|44 0 1
18 26|68 26|79 0 1
10 26|72 26|90 0 1
8 26|74 26|94 0 1
7 26|75 26|111 0 1
25 26|86 26|17 0 1
25 26|86 26|85 0 1
1 Anopheles_arabiensis|AARA003575 Anopheles_arabiensis|AARA003576 1 1
27 Anopheles_atroparvus|AATE009283 Anopheles_atroparvus|AATE002639 1 1
27 Anopheles_atroparvus|AATE009283 Anopheles_atroparvus|AATE014483 1 1
16 Anopheles_culicifacies|ACUA024885 Anopheles_culicifacies|ACUA020984 1 1
23 Anopheles_dirus|ADIR001630 Anopheles_dirus|ADIR001629 1 1
11 Anopheles_epiroticus|AEPI005967 Anopheles_epiroticus|AEPI005966 1 1
24 Anopheles_farauti|AFAF001032 Anopheles_farauti|AFAF005803 1 1
24 Anopheles_farauti|AFAF001032 Anopheles_farauti|AFAF006973 1 1
0 Anopheles_gambiae|AGAP004981 Anopheles_gambiae|AGAP004977 1 1
6 Anopheles_merus|AMEM009935 Anopheles_merus|AMEM012444 1 1
2 Anopheles_quadriannulatus|AQUA010019 Anopheles_quadriannulatus|AQUA010017 1 1
21 1|11 25|14 0 1
12 1|12 25|13 0 1
15 1|15 25|17 0 1
10 1|18 25|16 0 1
8 1|24 25|20 0 1
7 1|28 25|26 0 1
5 1|30 25|30 0 1
3 1|32 25|31 0 1
22 1|7 25|10 0 1
1 Anopheles_arabiensis|AARA011827 Anopheles_arabiensis|AARA011814 1 1
11 Anopheles_epiroticus|AEPI004148 Anopheles_epiroticus|AEPI004135 1 1
0 Anopheles_gambiae|AGAP009554 Anopheles_gambiae|AGAP009568 1 1
2 Anopheles_quadriannulatus|AQUA007576 Anopheles_quadriannulatus|AQUA007561 1 1
13 Anopheles_stephensi|ASTE010741 Anopheles_stephensi|ASTE010753 1 1
22 29|10 42|12 0 1
21 29|13 42|18 0 1
12 29|14 42|19 0 1
20 29|15 42|21 0 1
15 29|16 42|22 0 1
10 29|18 42|24 0 1
30 29|2 42|2 0 1
18 29|20 42|32 0 1
8 29|24 42|26 0 1
29 29|5 42|5 0 1
26 29|6 42|6 0 1
25 29|9 42|11 0 1
1 Anopheles_arabiensis|AARA002327 Anopheles_arabiensis|AARA002280 1 1
27 Anopheles_atroparvus|AATE010950 Anopheles_atroparvus|AATE002365 1 1
23 Anopheles_dirus|ADIR008771 Anopheles_dirus|ADIR008722 1 1
19 Anopheles_funestus|AFUN007687 Anopheles_funestus|AFUN007643 1 1
0 Anopheles_gambiae|AGAP005471 Anopheles_gambiae|AGAP005533 1 1
17 Anopheles_minimus|AMIN010806 Anopheles_minimus|AMIN010855 1 1
13 Anopheles_stephensi|ASTE010313 Anopheles_stephensi|ASTE010265 1 1
1 Anopheles_arabiensis|AARA004191 Anopheles_arabiensis|AARA004678 1 1
3 16|31 40|34 0 1
1 Anopheles_arabiensis|AARA004191 Anopheles_arabiensis|AARA004106 1 1
0 Anopheles_gambiae|AGAP002651 Anopheles_gambiae|AGAP002739 1 1
17 Anopheles_minimus|AMIN003651 Anopheles_minimus|AMIN003575 1 1
2 Anopheles_quadriannulatus|AQUA006834 Anopheles_quadriannulatus|AQUA006750 1 1
8 10|26 36|28 0 1
7 10|36 36|34 0 1
5 10|40 36|38 0 1
3 10|42 36|40 0 1
1 Anopheles_arabiensis|AARA008956 Anopheles_arabiensis|AARA008921 1 1
0 Anopheles_gambiae|AGAP010750 Anopheles_gambiae|AGAP010790 1 1
8 31|20 36|28 0 1
7 31|26 36|34 0 1
5 31|30 36|38 0 1
3 31|32 36|40 0 1
1 Anopheles_arabiensis|AARA008823 Anopheles_arabiensis|AARA008921 1 1
0 Anopheles_gambiae|AGAP010884 Anopheles_gambiae|AGAP010790 1 1
22 30|12 39|10 0 1
21 30|17 39|13 0 1
12 30|18 39|14 0 1
30 30|2 39|2 0 1
15 30|20 39|18 0 1
10 30|22 39|20 0 1
8 30|34 39|25 0 1
7 30|36 39|32 0 1
5 30|38 39|36 0 1
7 30|40 39|32 0 1
3 30|41 39|37 0 1
5 30|44 39|36 0 1
3 30|46 39|37 0 1
29 30|5 39|5 0 1
26 30|6 39|6 0 1
1 Anopheles_arabiensis|AARA010157 Anopheles_arabiensis|AARA010141 1 1
27 Anopheles_atroparvus|AATE002130 Anopheles_atroparvus|AATE016666 1 1
11 Anopheles_epiroticus|AEPI001659 Anopheles_epiroticus|AEPI001645 1 1
0 Anopheles_gambiae|AGAP003643 Anopheles_gambiae|AGAP003656 1 1
6 Anopheles_merus|AMEM016863 Anopheles_merus|AMEM012246 1 1
2 Anopheles_quadriannulatus|AQUA001574 Anopheles_quadriannulatus|AQUA001559 1 1
13 Anopheles_stephensi|ASTE001360 Anopheles_stephensi|ASTE001375 1 1
8 34|20 47|27 0 1
7 34|26 47|30 0 1
5 34|32 47|36 0 1
3 34|34 47|38 0 1
1 Anopheles_arabiensis|AARA009828 Anopheles_arabiensis|AARA009654 1 1
23 Anopheles_dirus|ADIR003254 Anopheles_dirus|ADIR002981 1 1
0 Anopheles_gambiae|AGAP003967 Anopheles_gambiae|AGAP004144 1 1
3 6|32 14|32 0 1
1 Anopheles_arabiensis|AARA005166 Anopheles_arabiensis|AARA005198 1 1
0 Anopheles_gambiae|AGAP007960 Anopheles_gambiae|AGAP007924 1 1
17 Anopheles_minimus|AMIN006308 Anopheles_minimus|AMIN006427 1 1
2 Anopheles_quadriannulatus|AQUA000708 Anopheles_quadriannulatus|AQUA000742 1 1
1 Anopheles_arabiensis|AARA001351 Anopheles_arabiensis|AARA001562 1 1
0 Anopheles_gambiae|AGAP003271 Anopheles_gambiae|AGAP003489 1 1
22 17|10 20|8 0 1
21 17|13 20|13 0 1
12 17|14 20|14 0 1
20 17|16 20|16 0 1
10 17|18 20|18 0 1
30 17|2 20|2 0 1
18 17|22 20|22 0 1
8 17|28 20|24 0 1
7 17|34 20|28 0 1
5 17|38 20|30 0 1
3 17|40 20|32 0 1
29 17|5 20|6 0 1
26 17|6 20|5 0 1
25 17|9 20|7 0 1
1 Anopheles_arabiensis|AARA008231 Anopheles_arabiensis|AARA008128 1 1
27 Anopheles_atroparvus|AATE004753 Anopheles_atroparvus|AATE019269 1 1
23 Anopheles_dirus|ADIR007075 Anopheles_dirus|ADIR007004 1 1
19 Anopheles_funestus|AFUN003407 Anopheles_funestus|AFUN003364 1 1
17 Anopheles_minimus|AMIN010314 Anopheles_minimus|AMIN010366 1 1
3 3|34 11|32 0 1
1 Anopheles_arabiensis|AARA008002 Anopheles_arabiensis|AARA008127 1 1
0 Anopheles_gambiae|AGAP007388 Anopheles_gambiae|AGAP007563 1 1
17 Anopheles_minimus|AMIN010487 Anopheles_minimus|AMIN010369 1 1
2 Anopheles_quadriannulatus|AQUA004494 Anopheles_quadriannulatus|AQUA004367 1 1
1 Anopheles_arabiensis|AARA008002 Anopheles_arabiensis|AARA007312 1 1
27 Anopheles_atroparvus|AATE005754 Anopheles_atroparvus|AATE017938 1 1
0 Anopheles_gambiae|AGAP007388 Anopheles_gambiae|AGAP006226 1 1
34 7|1 7|2 0 1
26 7|10 7|14 0 1
25 7|17 7|21 0 1
22 7|18 7|22 0 1
12 7|25 7|29 0 1
21 7|26 7|30 0 1
33 7|3 7|5 0 1
10 7|32 7|38 0 1
8 7|34 7|48 0 1
15 7|35 7|40 0 1
30 7|4 7|6 0 1
7 7|42 7|58 0 1
5 7|54 7|64 0 1
3 7|62 7|67 0 1
29 7|9 7|13 0 1
1 Anopheles_arabiensis|AARA007310 Anopheles_arabiensis|AARA007312 1 1
27 Anopheles_atroparvus|AATE001544 Anopheles_atroparvus|AATE017938 1 1
32 Anopheles_darlingi|ADAC007127 Anopheles_darlingi|ADAC007124 1 1
24 Anopheles_farauti|AFAF012216 Anopheles_farauti|AFAF002226 1 1
0 Anopheles_gambiae|AGAP006226 Anopheles_gambiae|AGAP006220 1 1
6 Anopheles_merus|AMEM015791 Anopheles_merus|AMEM018392 1 1
2 Anopheles_quadriannulatus|AQUA006140 Anopheles_quadriannulatus|AQUA006137 1 1
13 Anopheles_stephensi|ASTE011457 Anopheles_stephensi|ASTE011456 1 1
34 18|0 37|0 0 1
33 18|1 37|1 0 1
22 18|10 37|10 0 1
12 18|14 37|14 0 1
10 18|18 37|18 0 1
30 18|2 37|2 0 1
8 18|24 37|26 0 1
7 18|28 37|33 0 1
5 18|30 37|38 0 1
3 18|32 37|40 0 1
29 18|5 37|5 0 1
26 18|6 37|6 0 1
25 18|9 37|9 0 1
31 Anopheles_albimanus|AALB009503 Anopheles_albimanus|AALB009530 1 1
1 Anopheles_arabiensis|AARA001351 Anopheles_arabiensis|AARA001319 1 1
27 Anopheles_atroparvus|AATE017142 Anopheles_atroparvus|AATE020153 1 1
23 Anopheles_dirus|ADIR002786 Anopheles_dirus|ADIR002821 1 1
24 Anopheles_farauti|AFAF020157 Anopheles_farauti|AFAF001778 1 1
0 Anopheles_gambiae|AGAP003271 Anopheles_gambiae|AGAP003226 1 1
17 Anopheles_minimus|AMIN000368 Anopheles_minimus|AMIN000401 1 1
31 Anopheles_albimanus|AALB009416 Anopheles_albimanus|AALB009503 1 1
34 12|0 21|0 0 1
33 12|1 21|1 0 1
30 12|2 21|2 0 1
29 12|5 21|5 0 1
26 12|6 21|6 0 1
25 12|9 21|9 0 1
31 Anopheles_albimanus|AALB009416 Anopheles_albimanus|AALB009200 1 1
1 Anopheles_arabiensis|AARA001629 Anopheles_arabiensis|AARA001754 1 1
27 Anopheles_atroparvus|AATE011157 Anopheles_atroparvus|AATE005026 1 1
23 Anopheles_dirus|ADIR010067 Anopheles_dirus|ADIR009953 1 1
0 Anopheles_gambiae|AGAP001157 Anopheles_gambiae|AGAP001287 1 1
17 Anopheles_minimus|AMIN002312 Anopheles_minimus|AMIN002194 1 1
31 Anopheles_albimanus|AALB009200 Anopheles_albimanus|AALB009024 1 1
31 Anopheles_albimanus|AALB008990 Anopheles_albimanus|AALB009024 1 1
31 Anopheles_albimanus|AALB008990 Anopheles_albimanus|AALB008942 1 1
34 9|0 15|0 0 1
33 9|1 15|1 0 1
22 9|14 15|10 0 1
12 9|18 15|16 0 1
30 9|2 15|2 0 1
10 9|20 15|20 0 1
8 9|28 15|26 0 1
7 9|30 15|32 0 1
5 9|36 15|33 0 1
3 9|41 15|36 0 1
29 9|5 15|5 0 1
26 9|6 15|6 0 1
25 9|9 15|9 0 1
31 Anopheles_albimanus|AALB008645 Anopheles_albimanus|AALB008747 1 1
1 Anopheles_arabiensis|AARA002078 Anopheles_arabiensis|AARA002105 1 1
27 Anopheles_atroparvus|AATE000680 Anopheles_atroparvus|AATE003846 1 1
23 Anopheles_dirus|ADIR010465 Anopheles_dirus|ADIR010438 1 1
11 Anopheles_epiroticus|AEPI006078 Anopheles_epiroticus|AEPI006051 1 1
24 Anopheles_farauti|AFAF018941 Anopheles_farauti|AFAF007460 1 1
0 Anopheles_gambiae|AGAP001633 Anopheles_gambiae|AGAP001660 1 1
17 Anopheles_minimus|AMIN003443 Anopheles_minimus|AMIN003471 1 1
33 9|1 47|1 0 1
31 Anopheles_albimanus|AALB008645 Anopheles_albimanus|AALB008638 1 1
32 Anopheles_darlingi|ADAC009206 Anopheles_darlingi|ADAC009207 1 1
31 Anopheles_albimanus|AALB008524 Anopheles_albimanus|AALB008638 1 1
31 Anopheles_albimanus|AALB008523 Anopheles_albimanus|AALB008524 1 1
31 Anopheles_albimanus|AALB008059 Anopheles_albimanus|AALB008523 1 1
31 Anopheles_albimanus|AALB010678 Anopheles_albimanus|AALB010695 1 1
31 Anopheles_albimanus|AALB010677 Anopheles_albimanus|AALB010678 1 1
31 Anopheles_albimanus|AALB010248 Anopheles_albimanus|AALB010677 1 1
31 Anopheles_albimanus|AALB010156 Anopheles_albimanus|AALB010248 1 1
31 Anopheles_albimanus|AALB010156 Anopheles_albimanus|AALB009802 1 1
31 Anopheles_albimanus|AALB000841 Anopheles_albimanus|AALB000882 1 1
31 Anopheles_albimanus|AALB000841 Anopheles_albimanus|AALB000804 1 1
20 27|16 33|40 0 1
18 27|22 33|42 0 1
8 27|28 33|86 0 1
7 27|34 33|102 0 1
5 27|38 33|106 0 1
3 27|40 33|111 0 1
31 Anopheles_albimanus|AALB000804 Anopheles_albimanus|AALB000783 1 1
1 Anopheles_arabiensis|AARA003995 Anopheles_arabiensis|AARA004018 1 1
27 Anopheles_atroparvus|AATE011810 Anopheles_atroparvus|AATE019085 1 1
23 Anopheles_dirus|ADIR005119 Anopheles_dirus|ADIR005097 1 1
0 Anopheles_gambiae|AGAP009780 Anopheles_gambiae|AGAP009757 1 1
17 Anopheles_minimus|AMIN009514 Anopheles_minimus|AMIN009495 1 1
29 33|9 45|39 0 1
31 Anopheles_albimanus|AALB000783 Anopheles_albimanus|AALB000763 1 1
27 Anopheles_atroparvus|AATE009822 Anopheles_atroparvus|AATE008453 1 1
23 Anopheles_dirus|ADIR005097 Anopheles_dirus|ADIR004898 1 1
10 45|104 45|116 0 1
8 45|106 45|118 0 1
10 45|116 45|92 0 1
8 45|118 45|94 0 1
33 45|12 45|4 0 1
5 45|122 45|108 0 1
3 45|128 45|126 0 1
34 45|13 45|1 0 1
34 45|14 45|5 0 1
30 45|20 45|3 0 1
30 45|24 45|3 0 1
26 45|26 45|8 0 1
22 45|28 45|17 0 1
21 45|30 45|36 0 1
15 45|31 45|55 0 1
20 45|32 45|56 0 1
33 45|33 45|12 0 1
30 45|34 45|19 0 1
29 45|41 45|7 0 1
26 45|42 45|8 0 1
18 45|46 45|80 0 1
34 45|5 45|1 0 1
29 45|51 45|39 0 1
26 45|52 45|40 0 1
25 45|59 45|18 0 1
22 45|60 45|64 0 1
22 45|64 45|17 0 1
21 45|65 45|36 0 1
12 45|66 45|35 0 1
22 45|70 45|60 0 1
21 45|71 45|83 0 1
12 45|72 45|84 0 1
21 45|83 45|65 0 1
12 45|84 45|66 0 1
20 45|86 45|56 0 1
18 45|88 45|80 0 1
10 45|92 45|54 0 1
8 45|94 45|74 0 1
7 45|96 45|76 0 1
31 Anopheles_albimanus|AALB000762 Anopheles_albimanus|AALB000763 1 1
1 Anopheles_arabiensis|AARA010825 Anopheles_arabiensis|AARA010824 1 1
16 Anopheles_culicifacies|ACUA019581 Anopheles_culicifacies|ACUA022082 1 1
32 Anopheles_darlingi|ADAC010644 Anopheles_darlingi|ADAC010645 1 1
32 Anopheles_darlingi|ADAC010645 Anopheles_darlingi|ADAC010642 1 1
24 Anopheles_farauti|AFAF019416 Anopheles_farauti|AFAF010995 1 1
0 Anopheles_gambiae|AGAP008769 Anopheles_gambiae|AGAP028014 1 1
0 Anopheles_gambiae|AGAP028014 Anopheles_gambiae|AGAP028056 1 1
0 Anopheles_gambiae|AGAP028056 Anopheles_gambiae|AGAP008770 1 1
6 Anopheles_merus|AMEM014168 Anopheles_merus|AMEM007661 1 1
17 Anopheles_minimus|AMIN001411 Anopheles_minimus|AMIN001412 1 1
2 Anopheles_quadriannulatus|AQUA004875 Anopheles_quadriannulatus|AQUA004876 1 1
31 Anopheles_albimanus|AALB000762 Anopheles_albimanus|AALB000606 1 1
34 46|0 48|1 0 1
33 46|1 48|3 0 1
22 46|10 48|16 0 1
21 46|15 48|26 0 1
12 46|16 48|25 0 1
20 46|17 48|40 0 1
15 46|18 48|34 0 1
30 46|2 48|4 0 1
10 46|20 48|32 0 1
18 46|22 48|42 0 1
8 46|30 48|44 0 1
7 46|35 48|46 0 1
3 46|37 48|56 0 1
5 46|40 48|52 0 1
3 46|42 48|56 0 1
3 46|42 48|62 0 1
29 46|5 48|10 0 1
26 46|6 48|9 0 1
25 46|9 48|15 0 1
31 Anopheles_albimanus|AALB000596 Anopheles_albimanus|AALB000606 1 1
1 Anopheles_arabiensis|AARA011093 Anopheles_arabiensis|AARA011106 1 1
27 Anopheles_atroparvus|AATE018607 Anopheles_atroparvus|AATE003611 1 1
23 Anopheles_dirus|ADIR011447 Anopheles_dirus|ADIR011435 1 1
19 Anopheles_funestus|AFUN008903 Anopheles_funestus|AFUN008918 1 1
0 Anopheles_gambiae|AGAP008482 Anopheles_gambiae|AGAP008468 1 1
17 Anopheles_minimus|AMIN009820 Anopheles_minimus|AMIN009807 1 1
2 Anopheles_quadriannulatus|AQUA003516 Anopheles_quadriannulatus|AQUA003506 1 1
13 Anopheles_stephensi|ASTE010811 Anopheles_stephensi|ASTE010827 1 1
21 25|14 46|15 0 1
15 25|17 46|18 0 1
20 25|18 46|17 0 1
18 25|24 46|22 0 1
31 Anopheles_albimanus|AALB000501 Anopheles_albimanus|AALB000596 1 1
23 Anopheles_dirus|ADIR011503 Anopheles_dirus|ADIR011447 1 1
19 Anopheles_funestus|AFUN008846 Anopheles_funestus|AFUN008903 1 1
17 Anopheles_minimus|AMIN009871 Anopheles_minimus|AMIN009820 1 1
13 Anopheles_stephensi|ASTE010753 Anopheles_stephensi|ASTE010811 1 1
34 1|0 14|0 0 1
33 1|1 14|1 0 1
30 1|2 14|2 0 1
26 1|5 14|6 0 1
29 1|6 14|5 0 1
25 1|8 14|10 0 1
31 Anopheles_albimanus|AALB001346 Anopheles_albimanus|AALB001406 1 1
27 Anopheles_atroparvus|AATE008123 Anopheles_atroparvus|AATE006133 1 1
23 Anopheles_dirus|ADIR005972 Anopheles_dirus|ADIR005904 1 1
24 Anopheles_farauti|AFAF000833 Anopheles_farauti|AFAF002655 1 1
31 Anopheles_albimanus|AALB007263 Anopheles_albimanus|AALB007199 1 1
31 Anopheles_albimanus|AALB007139 Anopheles_albimanus|AALB007199 1 1
27 Anopheles_atroparvus|AATE007865 Anopheles_atroparvus|AATE012765 1 1
34 5|0 28|0 0 1
33 5|1 28|1 0 1
22 5|10 28|10 0 1
21 5|13 28|13 0 1
12 5|14 28|14 0 1
15 5|15 28|15 0 1
20 5|16 28|16 0 1
10 5|18 28|18 0 1
30 5|2 28|2 0 1
18 5|22 28|22 0 1
8 5|24 28|24 0 1
7 5|28 28|28 0 1
5 5|30 28|30 0 1
3 5|31 28|32 0 1
29 5|5 28|5 0 1
26 5|6 28|6 0 1
25 5|9 28|9 0 1
31 Anopheles_albimanus|AALB007133 Anopheles_albimanus|AALB007139 1 1
1 Anopheles_arabiensis|AARA006929 Anopheles_arabiensis|AARA006936 1 1
27 Anopheles_atroparvus|AATE009657 Anopheles_atroparvus|AATE007865 1 1
23 Anopheles_dirus|ADIR005321 Anopheles_dirus|ADIR005316 1 1
24 Anopheles_farauti|AFAF020208 Anopheles_farauti|AFAF008683 1 1
19 Anopheles_funestus|AFUN001717 Anopheles_funestus|AFUN001724 1 1
0 Anopheles_gambiae|AGAP002015 Anopheles_gambiae|AGAP002009 1 1
6 Anopheles_merus|AMEM016177 Anopheles_merus|AMEM005399 1 1
17 Anopheles_minimus|AMIN003326 Anopheles_minimus|AMIN003318 1 1
2 Anopheles_quadriannulatus|AQUA007105 Anopheles_quadriannulatus|AQUA007111 1 1
28 Anopheles_sinensis|ASIS002489 Anopheles_sinensis|ASIS008928 1 1
13 Anopheles_stephensi|ASTE004620 Anopheles_stephensi|ASTE004630 1 1
34 11|0 20|0 0 1
33 11|1 20|1 0 1
22 11|14 20|8 0 1
30 11|2 20|2 0 1
21 11|24 20|13 0 1
20 11|29 20|16 0 1
15 11|30 20|15 0 1
3 11|32 20|32 0 1
18 11|36 20|22 0 1
29 11|5 20|6 0 1
26 11|6 20|5 0 1
25 11|9 20|7 0 1
31 Anopheles_albimanus|AALB006229 Anopheles_albimanus|AALB006227 1 1
1 Anopheles_arabiensis|AARA008127 Anopheles_arabiensis|AARA008128 1 1
27 Anopheles_atroparvus|AATE003528 Anopheles_atroparvus|AATE019269 1 1
23 Anopheles_dirus|ADIR007001 Anopheles_dirus|ADIR007004 1 1
19 Anopheles_funestus|AFUN003362 Anopheles_funestus|AFUN003364 1 1
17 Anopheles_minimus|AMIN010369 Anopheles_minimus|AMIN010366 1 1
2 Anopheles_quadriannulatus|AQUA004367 Anopheles_quadriannulatus|AQUA004365 1 1
13 Anopheles_stephensi|ASTE002335 Anopheles_stephensi|ASTE002332 1 1
31 Anopheles_albimanus|AALB006227 Anopheles_albimanus|AALB005951 1 1
31 Anopheles_albimanus|AALB005751 Anopheles_albimanus|AALB005951 1 1
34 3|0 17|0 0 1
33 3|1 17|1 0 1
30 3|2 17|2 0 1
29 3|5 17|5 0 1
26 3|6 17|6 0 1
25 3|9 17|9 0 1
31 Anopheles_albimanus|AALB005751 Anopheles_albimanus|AALB005426 1 1
27 Anopheles_atroparvus|AATE005754 Anopheles_atroparvus|AATE004753 1 1
23 Anopheles_dirus|ADIR007283 Anopheles_dirus|ADIR007075 1 1
31 Anopheles_albimanus|AALB005426 Anopheles_albimanus|AALB005215 1 1
31 Anopheles_albimanus|AALB004677 Anopheles_albimanus|AALB005215 1 1
31 Anopheles_albimanus|AALB004677 Anopheles_albimanus|AALB004307 1 1
