3 Anopheles_arabiensis Anopheles_quadriannulatus
5 Anopheles_arabiensis Anopheles_quadriannulatus Anopheles_melas
7 Anopheles_arabiensis Anopheles_quadriannulatus Anopheles_melas Anopheles_merus
8 Anopheles_gambiae Anopheles_arabiensis Anopheles_quadriannulatus Anopheles_melas Anopheles_merus
10 Anopheles_gambiae Anopheles_arabiensis Anopheles_quadriannulatus Anopheles_melas Anopheles_merus Anopheles_christyi
12 Anopheles_gambiae Anopheles_arabiensis Anopheles_quadriannulatus Anopheles_melas Anopheles_merus Anopheles_christyi Anopheles_epiroticus
15 Anopheles_stephensi Anopheles_maculatus
18 Anopheles_culicifacies Anopheles_minimus
20 Anopheles_culicifacies Anopheles_minimus Anopheles_funestus
21 Anopheles_stephensi Anopheles_maculatus Anopheles_culicifacies Anopheles_minimus Anopheles_funestus
22 Anopheles_gambiae Anopheles_arabiensis Anopheles_quadriannulatus Anopheles_melas Anopheles_merus Anopheles_christyi Anopheles_epiroticus Anopheles_stephensi Anopheles_maculatus Anopheles_culicifacies Anopheles_minimus Anopheles_funestus
25 Anopheles_dirus Anopheles_farauti
26 Anopheles_gambiae Anopheles_arabiensis Anopheles_quadriannulatus Anopheles_melas Anopheles_merus Anopheles_christyi Anopheles_epiroticus Anopheles_stephensi Anopheles_maculatus Anopheles_culicifacies Anopheles_minimus Anopheles_funestus Anopheles_dirus Anopheles_farauti
29 Anopheles_atroparvus Anopheles_sinensis
30 Anopheles_gambiae Anopheles_arabiensis Anopheles_quadriannulatus Anopheles_melas Anopheles_merus Anopheles_christyi Anopheles_epiroticus Anopheles_stephensi Anopheles_maculatus Anopheles_culicifacies Anopheles_minimus Anopheles_funestus Anopheles_dirus Anopheles_farauti Anopheles_atroparvus Anopheles_sinensis
33 Anopheles_albimanus Anopheles_darlingi
34 Anopheles_gambiae Anopheles_arabiensis Anopheles_quadriannulatus Anopheles_melas Anopheles_merus Anopheles_christyi Anopheles_epiroticus Anopheles_stephensi Anopheles_maculatus Anopheles_culicifacies Anopheles_minimus Anopheles_funestus Anopheles_dirus Anopheles_farauti Anopheles_atroparvus Anopheles_sinensis Anopheles_albimanus Anopheles_darlingi
0 Anopheles_gambiae
1 Anopheles_arabiensis
2 Anopheles_quadriannulatus
4 Anopheles_melas
6 Anopheles_merus
9 Anopheles_christyi
11 Anopheles_epiroticus
13 Anopheles_stephensi
14 Anopheles_maculatus
16 Anopheles_culicifacies
17 Anopheles_minimus
19 Anopheles_funestus
23 Anopheles_dirus
24 Anopheles_farauti
27 Anopheles_atroparvus
28 Anopheles_sinensis
31 Anopheles_albimanus
32 Anopheles_darlingi
