20 2|0 3|0 0 1
19 2|1 3|2 0 1
6 2|11 3|12 0 1
4 2|13 3|4 0 1
2 2|15 3|6 0 1
17 2|3 3|3 0 1
14 2|6 3|9 0 1
10 2|7 3|10 0 1
8 2|9 3|11 0 1
0 A_5 A_6 1 1
1 B_3 B_4 1 1
16 F_3 F_4 1 1
3 H_3 H_4 1 1
20 1|0 2|0 0 1
19 1|1 2|1 0 1
10 1|14 2|7 0 1
8 1|15 2|9 0 1
6 1|16 2|11 0 1
4 1|17 2|13 0 1
17 1|3 2|3 0 1
14 1|6 2|6 0 1
13 1|8 2|18 0 1
2 1|9 2|15 0 1
0 A_4 A_5 1 1
1 B_2 B_3 1 1
12 D_2 D_3 1 1
15 E_2 E_3 1 1
16 F_2 F_3 1 1
20 0|0 1|0 0 1
19 0|1 1|1 0 1
10 0|14 1|14 0 1
8 0|15 1|15 0 1
6 0|16 1|16 0 1
4 0|17 1|17 0 1
17 0|3 1|3 0 1
14 0|6 1|6 0 1
13 0|8 1|8 0 1
2 0|9 1|9 0 1
0 A_1 A_3 1 1
0 A_2 A_4 1 1
1 B_1 B_2 1 1
12 D_1 D_2 1 1
15 E_1 E_2 1 1
18 G_1 G_2 1 1
0 A_1 A_2 1 1
