4 2|50 3|2 0 1
2 2|56 3|9 0 1
0 A_5 A_6 1 1
1 B_3 B_4 1 1
16 F_3 F_4 1 1
3 H_3 H_4 1 1
17 1|22 2|19 0 1
13 1|30 2|31 0 0.2
2 1|37 2|56 0 1
0 A_4 A_5 1 1
1 B_2 B_3 1 1
12 D_2 D_3 1 1
15 E_2 E_3 1 1
16 F_2 F_3 1 1
20 0|0 1|0 0 1
14 0|2 1|2 0 1
17 0|22 1|22 0 1
19 0|3 1|3 0 1
13 0|30 1|30 0 1
2 0|37 1|37 0 1
0 A_1 A_3 1 1
0 A_2 A_4 1 1
1 B_1 B_2 1 1
12 D_1 D_2 1 1
15 E_1 E_2 1 1
18 G_1 G_2 1 1
0 A_1 A_2 1 1
