<?xml version="1.0" encoding="UTF-8"?>
<recPhylo xmlns:xsi="http://www.w3.org/2001/XMLSchema-instance" xsi:schemaLocation="http://www.recg.org ./recGeneTreeXML.xsd" xmlns="http://www.recg.org" >
  <recGeneTree>
    <phylogeny rooted="true">
      <id>0</id>
      <clade>
        <name>0</name>
        <eventsRec>
          <speciation speciesLocation="20" timeSlice="10"></speciation>
        </eventsRec>
        <clade>
          <name>3</name>
          <eventsRec>
            <speciation speciesLocation="19" timeSlice="8"></speciation>
          </eventsRec>
          <clade>
            <name>G_1</name>
            <eventsRec>
              <leaf speciesLocation="18" geneName="G_1"></leaf>
            </eventsRec>
          </clade>
          <clade>
            <name>22</name>
            <eventsRec>
              <speciation speciesLocation="17" timeSlice="2"></speciation>
            </eventsRec>
            <clade>
              <name>E_1</name>
              <eventsRec>
                <leaf speciesLocation="15" geneName="E_1"></leaf>
              </eventsRec>
            </clade>
            <clade>
              <name>F_1</name>
              <eventsRec>
                <leaf speciesLocation="16" geneName="F_1"></leaf>
              </eventsRec>
            </clade>
          </clade>
        </clade>
        <clade>
          <name>2</name>
          <eventsRec>
            <speciationLoss speciesLocation="14" timeSlice="9"></speciationLoss>
            <speciationOut speciesLocation="13" timeSlice="7"></speciationOut>
          </eventsRec>
          <clade>
            <name>30</name>
            <eventsRec>
              <speciationLoss speciesLocation="13" timeSlice="1"></speciationLoss>
              <leaf speciesLocation="12" geneName="D_1"></leaf>
            </eventsRec>
          </clade>
          <clade>
            <name>36</name>
            <eventsRec>
              <transferBack destinationSpecies="2" timeSlice="3"></transferBack>
              <speciation speciesLocation="2" timeSlice="3"></speciation>
            </eventsRec>
            <clade>
              <name>B_1</name>
              <eventsRec>
                <leaf speciesLocation="1" geneName="B_1"></leaf>
              </eventsRec>
            </clade>
            <clade>
              <name>44</name>
              <eventsRec>
                <duplication speciesLocation="0" timeSlice="1"></duplication>
              </eventsRec>
              <clade>
                <name>A_1</name>
                <eventsRec>
                  <leaf speciesLocation="0" geneName="A_1"></leaf>
                </eventsRec>
              </clade>
              <clade>
                <name>A_2</name>
                <eventsRec>
                  <leaf speciesLocation="0" geneName="A_2"></leaf>
                </eventsRec>
              </clade>
            </clade>
          </clade>
        </clade>
      </clade>
    </phylogeny>
  </recGeneTree>
  <recGeneTree>
    <phylogeny rooted="true">
      <id>1</id>
      <clade>
        <name>0</name>
        <eventsRec>
          <speciation speciesLocation="20" timeSlice="10"></speciation>
        </eventsRec>
        <clade>
          <name>3</name>
          <eventsRec>
            <speciation speciesLocation="19" timeSlice="8"></speciation>
          </eventsRec>
          <clade>
            <name>G_2</name>
            <eventsRec>
              <leaf speciesLocation="18" geneName="G_2"></leaf>
            </eventsRec>
          </clade>
          <clade>
            <name>22</name>
            <eventsRec>
              <speciation speciesLocation="17" timeSlice="2"></speciation>
            </eventsRec>
            <clade>
              <name>E_2</name>
              <eventsRec>
                <leaf speciesLocation="15" geneName="E_2"></leaf>
              </eventsRec>
            </clade>
            <clade>
              <name>F_2</name>
              <eventsRec>
                <leaf speciesLocation="16" geneName="F_2"></leaf>
              </eventsRec>
            </clade>
          </clade>
        </clade>
        <clade>
          <name>2</name>
          <eventsRec>
            <speciationLoss speciesLocation="14" timeSlice="9"></speciationLoss>
            <speciationOut speciesLocation="13" timeSlice="7"></speciationOut>
          </eventsRec>
          <clade>
            <name>30</name>
            <eventsRec>
              <speciationLoss speciesLocation="13" timeSlice="1"></speciationLoss>
              <leaf speciesLocation="12" geneName="D_2"></leaf>
            </eventsRec>
          </clade>
          <clade>
            <name>36</name>
            <eventsRec>
              <transferBack destinationSpecies="2" timeSlice="3"></transferBack>
              <speciation speciesLocation="2" timeSlice="3"></speciation>
            </eventsRec>
            <clade>
              <name>B_2</name>
              <eventsRec>
                <leaf speciesLocation="1" geneName="B_2"></leaf>
              </eventsRec>
            </clade>
            <clade>
              <name>44</name>
              <eventsRec>
                <duplication speciesLocation="0" timeSlice="1"></duplication>
              </eventsRec>
              <clade>
                <name>A_3</name>
                <eventsRec>
                  <leaf speciesLocation="0" geneName="A_3"></leaf>
                </eventsRec>
              </clade>
              <clade>
                <name>A_4</name>
                <eventsRec>
                  <leaf speciesLocation="0" geneName="A_4"></leaf>
                </eventsRec>
              </clade>
            </clade>
          </clade>
        </clade>
      </clade>
    </phylogeny>
  </recGeneTree>
  <recGeneTree>
    <phylogeny rooted="true">
      <id>2</id>
      <clade>
        <name>0</name>
        <eventsRec>
          <speciation speciesLocation="20" timeSlice="10"></speciation>
        </eventsRec>
        <clade>
          <name>3</name>
          <eventsRec>
            <speciation speciesLocation="19" timeSlice="8"></speciation>
          </eventsRec>
          <clade>
            <name>G_3</name>
            <eventsRec>
              <leaf speciesLocation="18" geneName="G_3"></leaf>
            </eventsRec>
          </clade>
          <clade>
            <name>19</name>
            <eventsRec>
              <speciation speciesLocation="17" timeSlice="2"></speciation>
            </eventsRec>
            <clade>
              <name>E_3</name>
              <eventsRec>
                <leaf speciesLocation="15" geneName="E_3"></leaf>
              </eventsRec>
            </clade>
            <clade>
              <name>F_3</name>
              <eventsRec>
                <leaf speciesLocation="16" geneName="F_3"></leaf>
              </eventsRec>
            </clade>
          </clade>
        </clade>
        <clade>
          <name>2</name>
          <eventsRec>
            <speciation speciesLocation="14" timeSlice="9"></speciation>
          </eventsRec>
          <clade>
            <name>22</name>
            <eventsRec>
              <speciation speciesLocation="10" timeSlice="7"></speciation>
            </eventsRec>
            <clade>
              <name>K_3</name>
              <eventsRec>
                <leaf speciesLocation="9" geneName="K_3"></leaf>
              </eventsRec>
            </clade>
            <clade>
              <name>24</name>
              <eventsRec>
                <speciation speciesLocation="8" timeSlice="6"></speciation>
              </eventsRec>
              <clade>
                <name>J_3</name>
                <eventsRec>
                  <leaf speciesLocation="7" geneName="J_3"></leaf>
                </eventsRec>
              </clade>
              <clade>
                <name>43</name>
                <eventsRec>
                  <speciation speciesLocation="6" timeSlice="5"></speciation>
                </eventsRec>
                <clade>
                  <name>I_3</name>
                  <eventsRec>
                    <leaf speciesLocation="5" geneName="I_3"></leaf>
                  </eventsRec>
                </clade>
                <clade>
                  <name>50</name>
                  <eventsRec>
                    <speciation speciesLocation="4" timeSlice="4"></speciation>
                  </eventsRec>
                  <clade>
                    <name>H_3</name>
                    <eventsRec>
                      <leaf speciesLocation="3" geneName="H_3"></leaf>
                    </eventsRec>
                  </clade>
                  <clade>
                    <name>56</name>
                    <eventsRec>
                      <speciation speciesLocation="2" timeSlice="3"></speciation>
                    </eventsRec>
                    <clade>
                      <name>A_5</name>
                      <eventsRec>
                        <leaf speciesLocation="0" geneName="A_5"></leaf>
                      </eventsRec>
                    </clade>
                    <clade>
                      <name>B_3</name>
                      <eventsRec>
                        <leaf speciesLocation="1" geneName="B_3"></leaf>
                      </eventsRec>
                    </clade>
                  </clade>
                </clade>
              </clade>
            </clade>
          </clade>
          <clade>
            <name>31</name>
            <eventsRec>
              <speciation speciesLocation="13" timeSlice="1"></speciation>
            </eventsRec>
            <clade>
              <name>C_3</name>
              <eventsRec>
                <leaf speciesLocation="11" geneName="C_3"></leaf>
              </eventsRec>
            </clade>
            <clade>
              <name>D_3</name>
              <eventsRec>
                <leaf speciesLocation="12" geneName="D_3"></leaf>
              </eventsRec>
            </clade>
          </clade>
        </clade>
      </clade>
    </phylogeny>
  </recGeneTree>
  <recGeneTree>
    <phylogeny rooted="true">
      <id>3</id>
      <clade>
        <name>0</name>
        <eventsRec>
          <speciationOut speciesLocation="4" timeSlice="4"></speciationOut>
        </eventsRec>
        <clade>
          <name>6</name>
          <eventsRec>
            <transferBack destinationSpecies="16" timeSlice="0"></transferBack>
            <leaf speciesLocation="16" geneName="F_4"></leaf>
          </eventsRec>
        </clade>
        <clade>
          <name>2</name>
          <eventsRec>
            <speciation speciesLocation="4" timeSlice="4"></speciation>
          </eventsRec>
          <clade>
            <name>H_4</name>
            <eventsRec>
              <leaf speciesLocation="3" geneName="H_4"></leaf>
            </eventsRec>
          </clade>
          <clade>
            <name>9</name>
            <eventsRec>
              <speciation speciesLocation="2" timeSlice="3"></speciation>
            </eventsRec>
            <clade>
              <name>A_6</name>
              <eventsRec>
                <leaf speciesLocation="0" geneName="A_6"></leaf>
              </eventsRec>
            </clade>
            <clade>
              <name>B_4</name>
              <eventsRec>
                <leaf speciesLocation="1" geneName="B_4"></leaf>
              </eventsRec>
            </clade>
          </clade>
        </clade>
      </clade>
    </phylogeny>
  </recGeneTree>
</recPhylo>
