<?xml version="1.0" encoding="UTF-8"?>
<adjPhylo xmlns:xsi="http://www.w3.org/2001/XMLSchema-instance" xsi:schemaLocation="http://www.recg.org ./recGeneTreeXML.xsd" xmlns="http://www.recg.org" >
  <EquivalenceClassFamily fam1="0" fam2="2">
    <sample number="1">
      <phylogeny rooted="true" gainatroot="false">
        <clade>
          <name>c_0-c_2</name>
          <eventsAdj>
            <leaf coevent="1" adjName="c_0-c_2" speciesLocation="3"></leaf>
          </eventsAdj>
        </clade>
      </phylogeny>
      <phylogeny rooted="true" gainatroot="false">
        <clade>
          <name>b_0-b_2</name>
          <eventsAdj>
            <leaf coevent="1" adjName="b_0-b_2" speciesLocation="1"></leaf>
          </eventsAdj>
        </clade>
      </phylogeny>
    </sample>
  </EquivalenceClassFamily>
  <EquivalenceClassFamily fam1="1" fam2="2">
    <sample number="1">
      <phylogeny rooted="true" gainatroot="true">
        <clade>
          <name>0-0</name>
          <eventsAdj>
            <speciation coevent="1" adjName="0-0" speciesLocation="6"></speciation>
          </eventsAdj>
          <clade>
            <name>1-2</name>
            <eventsAdj>
              <speciation coevent="1" adjName="1-2" speciesLocation="4"></speciation>
            </eventsAdj>
            <clade>
              <name>3-3</name>
              <eventsAdj>
                <loss coevent="0" adjName="3-3" speciesLocation="3"></loss>
              </eventsAdj>
            </clade>
            <clade>
              <name>4-4</name>
              <eventsAdj>
                <speciation coevent="1" adjName="4-4" speciesLocation="2"></speciation>
              </eventsAdj>
              <clade>
                <name>5-6</name>
                <eventsAdj>
                  <loss coevent="0" adjName="5-6" speciesLocation="1"></loss>
                </eventsAdj>
              </clade>
              <clade>
                <name>a_1-a_2</name>
                <eventsAdj>
                  <leaf coevent="1" adjName="a_1-a_2" speciesLocation="0"></leaf>
                </eventsAdj>
              </clade>
            </clade>
          </clade>
          <clade>
            <name>d_1-d_2</name>
            <eventsAdj>
              <leaf coevent="1" adjName="d_1-d_2" speciesLocation="5"></leaf>
            </eventsAdj>
          </clade>
        </clade>
      </phylogeny>
    </sample>
  </EquivalenceClassFamily>
  <EquivalenceClassFamily fam1="0" fam2="1">
    <sample number="1">
      <phylogeny rooted="true" gainatroot="true">
        <clade>
          <name>0-0</name>
          <eventsAdj>
            <speciation coevent="1" adjName="0-0" speciesLocation="6"></speciation>
          </eventsAdj>
          <clade>
            <name>d_0-d_1</name>
            <eventsAdj>
              <leaf coevent="1" adjName="d_0-d_1" speciesLocation="5"></leaf>
            </eventsAdj>
          </clade>
          <clade>
            <name>2-1</name>
            <eventsAdj>
              <speciation coevent="1" adjName="2-1" speciesLocation="4"></speciation>
            </eventsAdj>
            <clade>
              <name>3-3</name>
              <eventsAdj>
                <loss coevent="0" adjName="3-3" speciesLocation="3"></loss>
              </eventsAdj>
            </clade>
            <clade>
              <name>4-4</name>
              <eventsAdj>
                <speciation coevent="1" adjName="4-4" speciesLocation="2"></speciation>
              </eventsAdj>
              <clade>
                <name>a_0-a_1</name>
                <eventsAdj>
                  <leaf coevent="1" adjName="a_0-a_1" speciesLocation="0"></leaf>
                </eventsAdj>
              </clade>
              <clade>
                <name>6-5</name>
                <eventsAdj>
                  <loss coevent="0" adjName="6-5" speciesLocation="1"></loss>
                </eventsAdj>
              </clade>
            </clade>
          </clade>
        </clade>
      </phylogeny>
    </sample>
  </EquivalenceClassFamily>
</adjPhylo>
