<?xml version="1.0" encoding="UTF-8"?>
<recPhylo xmlns:xsi="http://www.w3.org/2001/XMLSchema-instance" xsi:schemaLocation="http://www.recg.org ./recGeneTreeXML.xsd" xmlns="http://www.recg.org" >
  <recGeneTree>
    <phylogeny rooted="true">
      <id>0</id>
      <clade>
        <name>0</name>
        <eventsRec>
          <speciation speciesLocation="6"></speciation>
        </eventsRec>
        <clade>
          <name>d_0</name>
          <eventsRec>
            <leaf speciesLocation="5" geneName="d_0"></leaf>
          </eventsRec>
        </clade>
        <clade>
          <name>2</name>
          <eventsRec>
            <speciation speciesLocation="4"></speciation>
          </eventsRec>
          <clade>
            <name>c_0</name>
            <eventsRec>
              <leaf speciesLocation="3" geneName="c_0"></leaf>
            </eventsRec>
          </clade>
          <clade>
            <name>4</name>
            <eventsRec>
              <speciation speciesLocation="2"></speciation>
            </eventsRec>
            <clade>
              <name>a_0</name>
              <eventsRec>
                <leaf speciesLocation="0" geneName="a_0"></leaf>
              </eventsRec>
            </clade>
            <clade>
              <name>b_0</name>
              <eventsRec>
                <leaf speciesLocation="1" geneName="b_0"></leaf>
              </eventsRec>
            </clade>
          </clade>
        </clade>
      </clade>
    </phylogeny>
  </recGeneTree>
  <recGeneTree>
    <phylogeny rooted="true">
      <id>1</id>
      <clade>
        <name>0</name>
        <eventsRec>
          <speciation speciesLocation="6"></speciation>
        </eventsRec>
        <clade>
          <name>1</name>
          <eventsRec>
            <speciationLoss speciesLocation="4"></speciationLoss>
            <speciationLoss speciesLocation="2"></speciationLoss>
            <leaf speciesLocation="0" geneName="a_1"></leaf>
          </eventsRec>
        </clade>
        <clade>
          <name>d_1</name>
          <eventsRec>
            <leaf speciesLocation="5" geneName="d_1"></leaf>
          </eventsRec>
        </clade>
      </clade>
    </phylogeny>
  </recGeneTree>
  <recGeneTree>
    <phylogeny rooted="true">
      <id>2</id>
      <clade>
        <name>0</name>
        <eventsRec>
          <speciation speciesLocation="6"></speciation>
        </eventsRec>
        <clade>
          <name>d_2</name>
          <eventsRec>
            <leaf speciesLocation="5" geneName="d_2"></leaf>
          </eventsRec>
        </clade>
        <clade>
          <name>2</name>
          <eventsRec>
            <speciation speciesLocation="4"></speciation>
          </eventsRec>
          <clade>
            <name>c_2</name>
            <eventsRec>
              <leaf speciesLocation="3" geneName="c_2"></leaf>
            </eventsRec>
          </clade>
          <clade>
            <name>4</name>
            <eventsRec>
              <speciation speciesLocation="2"></speciation>
            </eventsRec>
            <clade>
              <name>a_2</name>
              <eventsRec>
                <leaf speciesLocation="0" geneName="a_2"></leaf>
              </eventsRec>
            </clade>
            <clade>
              <name>b_2</name>
              <eventsRec>
                <leaf speciesLocation="1" geneName="b_2"></leaf>
              </eventsRec>
            </clade>
          </clade>
        </clade>
      </clade>
    </phylogeny>
  </recGeneTree>
</recPhylo>
