<?xml version="1.0" encoding="UTF-8"?>
<recPhylo xmlns:xsi="http://www.w3.org/2001/XMLSchema-instance" xsi:schemaLocation="http://www.recg.org ./recGeneTreeXML.xsd" xmlns="http://www.recg.org" >
  <recGeneTree>
    <phylogeny rooted="true">
      <id>0</id>
      <clade>
        <name>0</name>
        <eventsRec>
          <speciation speciesLocation="20" timeSlice="10"></speciation>
        </eventsRec>
        <clade>
          <name>3</name>
          <eventsRec>
            <speciationLoss speciesLocation="19" timeSlice="8"></speciationLoss>
            <speciation speciesLocation="17" timeSlice="2"></speciation>
          </eventsRec>
          <clade>
            <name>E_e1</name>
            <eventsRec>
              <leaf speciesLocation="15" geneName="E_e1"></leaf>
            </eventsRec>
          </clade>
          <clade>
            <name>F_f1</name>
            <eventsRec>
              <leaf speciesLocation="16" geneName="F_f1"></leaf>
            </eventsRec>
          </clade>
        </clade>
        <clade>
          <name>2</name>
          <eventsRec>
            <speciationLoss speciesLocation="14" timeSlice="9"></speciationLoss>
            <speciation speciesLocation="13" timeSlice="1"></speciation>
          </eventsRec>
          <clade>
            <name>D_d1</name>
            <eventsRec>
              <leaf speciesLocation="12" geneName="D_d1"></leaf>
            </eventsRec>
          </clade>
          <clade>
            <name>23</name>
            <eventsRec>
              <speciationOut speciesLocation="11" timeSlice="0"></speciationOut>
            </eventsRec>
            <clade>
              <name>C_c1</name>
              <eventsRec>
                <leaf speciesLocation="11" geneName="C_c1"></leaf>
              </eventsRec>
            </clade>
            <clade>
              <name>27</name>
              <eventsRec>
                <bifurcationOut timeSlice="0"></bifurcationOut>
              </eventsRec>
              <clade>
                <name>28</name>
                <eventsRec>
                  <transferBack destinationSpecies="0" timeSlice="0"></transferBack>
                  <leaf speciesLocation="0" geneName="A_a1"></leaf>
                </eventsRec>
              </clade>
              <clade>
                <name>29</name>
                <eventsRec>
                  <transferBack destinationSpecies="1" timeSlice="0"></transferBack>
                  <leaf speciesLocation="1" geneName="B_b1"></leaf>
                </eventsRec>
              </clade>
            </clade>
          </clade>
        </clade>
      </clade>
    </phylogeny>
  </recGeneTree>
</recPhylo>
